[2019-12-15T12:38:46.030-0300][0.006s] Heap region size: 1M
[2019-12-15T12:38:46.042-0300][0.018s] Using G1
[2019-12-15T12:38:46.042-0300][0.018s] Heap address: 0x00000000e0000000, size: 512 MB, Compressed Oops mode: 32-bit
[2019-12-15T12:38:46.042-0300][0.019s] Mark closed archive regions in map: [0x00000000fff00000, 0x00000000fff69ff8]
[2019-12-15T12:38:46.042-0300][0.019s] Mark open archive regions in map: [0x00000000ffe00000, 0x00000000ffe33ff8]
[2019-12-15T12:38:46.549-0300][0,525s] GC(0) Pause Young (Normal) (G1 Evacuation Pause)
[2019-12-15T12:38:46.550-0300][0,526s] GC(0) Using 4 workers of 4 for evacuation
[2019-12-15T12:38:46.567-0300][0,544s] GC(0)   Pre Evacuate Collection Set: 0,0ms
[2019-12-15T12:38:46.567-0300][0,544s] GC(0)   Evacuate Collection Set: 15,8ms
[2019-12-15T12:38:46.567-0300][0,544s] GC(0)   Post Evacuate Collection Set: 1,5ms
[2019-12-15T12:38:46.567-0300][0,544s] GC(0)   Other: 0,8ms
[2019-12-15T12:38:46.567-0300][0,544s] GC(0) Eden regions: 25->0(304)
[2019-12-15T12:38:46.567-0300][0,544s] GC(0) Survivor regions: 0->3(4)
[2019-12-15T12:38:46.567-0300][0,544s] GC(0) Old regions: 2->2
[2019-12-15T12:38:46.567-0300][0,544s] GC(0) Humongous regions: 0->0
[2019-12-15T12:38:46.567-0300][0,544s] GC(0) Metaspace: 5996K->5996K(1056768K)
[2019-12-15T12:38:46.567-0300][0,544s] GC(0) Pause Young (Normal) (G1 Evacuation Pause) 25M->3M(512M) 18,163ms
[2019-12-15T12:38:46.567-0300][0,544s] GC(0) User=0,06s Sys=0,00s Real=0,01s
[2019-12-15T12:38:47.386-0300][1,362s] GC(1) Pause Young (Normal) (G1 Evacuation Pause)
[2019-12-15T12:38:47.386-0300][1,362s] GC(1) Using 4 workers of 4 for evacuation
[2019-12-15T12:38:47.403-0300][1,380s] GC(1)   Pre Evacuate Collection Set: 0,0ms
[2019-12-15T12:38:47.403-0300][1,380s] GC(1)   Evacuate Collection Set: 17,0ms
[2019-12-15T12:38:47.403-0300][1,380s] GC(1)   Post Evacuate Collection Set: 0,5ms
[2019-12-15T12:38:47.403-0300][1,380s] GC(1)   Other: 0,1ms
[2019-12-15T12:38:47.403-0300][1,380s] GC(1) Eden regions: 56->0(46)
[2019-12-15T12:38:47.403-0300][1,380s] GC(1) Survivor regions: 3->8(8)
[2019-12-15T12:38:47.403-0300][1,380s] GC(1) Old regions: 2->13
[2019-12-15T12:38:47.403-0300][1,380s] GC(1) Humongous regions: 4->4
[2019-12-15T12:38:47.403-0300][1,380s] GC(1) Metaspace: 15513K->15513K(1062912K)
[2019-12-15T12:38:47.403-0300][1,380s] GC(1) Pause Young (Normal) (G1 Evacuation Pause) 63M->22M(512M) 17,788ms
[2019-12-15T12:38:47.403-0300][1,380s] GC(1) User=0,06s Sys=0,01s Real=0,02s
[2019-12-15T12:38:47.580-0300][1,556s] GC(2) Pause Young (Normal) (G1 Evacuation Pause)
[2019-12-15T12:38:47.580-0300][1,556s] GC(2) Using 4 workers of 4 for evacuation
[2019-12-15T12:38:47.588-0300][1,564s] GC(2)   Pre Evacuate Collection Set: 0,0ms
[2019-12-15T12:38:47.588-0300][1,564s] GC(2)   Evacuate Collection Set: 7,9ms
[2019-12-15T12:38:47.588-0300][1,564s] GC(2)   Post Evacuate Collection Set: 0,3ms
[2019-12-15T12:38:47.588-0300][1,564s] GC(2)   Other: 0,1ms
[2019-12-15T12:38:47.588-0300][1,564s] GC(2) Eden regions: 17->0(45)
[2019-12-15T12:38:47.588-0300][1,564s] GC(2) Survivor regions: 8->1(4)
[2019-12-15T12:38:47.588-0300][1,564s] GC(2) Old regions: 13->21
[2019-12-15T12:38:47.588-0300][1,564s] GC(2) Humongous regions: 4->4
[2019-12-15T12:38:47.588-0300][1,564s] GC(2) Metaspace: 18515K->18515K(1067008K)
[2019-12-15T12:38:47.588-0300][1,564s] GC(2) Pause Young (Normal) (G1 Evacuation Pause) 39M->23M(512M) 8,325ms
[2019-12-15T12:38:47.588-0300][1,564s] GC(2) User=0,03s Sys=0,00s Real=0,01s
[2019-12-15T12:38:48.104-0300][2,080s] GC(3) Pause Young (Concurrent Start) (Metadata GC Threshold)
[2019-12-15T12:38:48.104-0300][2,080s] GC(3) Using 4 workers of 4 for evacuation
[2019-12-15T12:38:48.109-0300][2,086s] GC(3)   Pre Evacuate Collection Set: 0,0ms
[2019-12-15T12:38:48.109-0300][2,086s] GC(3)   Evacuate Collection Set: 5,0ms
[2019-12-15T12:38:48.109-0300][2,086s] GC(3)   Post Evacuate Collection Set: 0,3ms
[2019-12-15T12:38:48.110-0300][2,086s] GC(3)   Other: 0,2ms
[2019-12-15T12:38:48.110-0300][2,086s] GC(3) Eden regions: 39->0(59)
[2019-12-15T12:38:48.110-0300][2,086s] GC(3) Survivor regions: 1->1(6)
[2019-12-15T12:38:48.110-0300][2,086s] GC(3) Old regions: 21->21
[2019-12-15T12:38:48.110-0300][2,086s] GC(3) Humongous regions: 4->4
[2019-12-15T12:38:48.110-0300][2,086s] GC(3) Metaspace: 20536K->20536K(1069056K)
[2019-12-15T12:38:48.110-0300][2,086s] GC(3) Pause Young (Concurrent Start) (Metadata GC Threshold) 62M->23M(512M) 5,588ms
[2019-12-15T12:38:48.110-0300][2,086s] GC(3) User=0,03s Sys=0,00s Real=0,01s
[2019-12-15T12:38:48.110-0300][2,086s] GC(4) Concurrent Cycle
[2019-12-15T12:38:48.110-0300][2,086s] GC(4) Concurrent Clear Claimed Marks
[2019-12-15T12:38:48.110-0300][2,086s] GC(4) Concurrent Clear Claimed Marks 0,034ms
[2019-12-15T12:38:48.110-0300][2,086s] GC(4) Concurrent Scan Root Regions
[2019-12-15T12:38:48.111-0300][2,087s] GC(4) Concurrent Scan Root Regions 1,099ms
[2019-12-15T12:38:48.111-0300][2,087s] GC(4) Concurrent Mark (2,087s)
[2019-12-15T12:38:48.111-0300][2,087s] GC(4) Concurrent Mark From Roots
[2019-12-15T12:38:48.111-0300][2,087s] GC(4) Using 1 workers of 1 for marking
[2019-12-15T12:38:48.164-0300][2,141s] GC(4) Concurrent Mark From Roots 53,591ms
[2019-12-15T12:38:48.164-0300][2,141s] GC(4) Concurrent Preclean
[2019-12-15T12:38:48.165-0300][2,141s] GC(4) Concurrent Preclean 0,134ms
[2019-12-15T12:38:48.165-0300][2,141s] GC(4) Concurrent Mark (2,087s, 2,141s) 53,772ms
[2019-12-15T12:38:48.165-0300][2,141s] GC(4) Pause Remark
[2019-12-15T12:38:48.169-0300][2,145s] GC(4) Cleaned string and symbol table, strings: 9403 processed, 21 removed, symbols: 60236 processed, 47 removed
[2019-12-15T12:38:48.169-0300][2,146s] GC(4) Pause Remark 26M->26M(512M) 4,526ms
[2019-12-15T12:38:48.169-0300][2,146s] GC(4) User=0,02s Sys=0,00s Real=0,01s
[2019-12-15T12:38:48.169-0300][2,146s] GC(4) Concurrent Rebuild Remembered Sets
[2019-12-15T12:38:48.193-0300][2,169s] GC(4) Concurrent Rebuild Remembered Sets 23,563ms
[2019-12-15T12:38:48.193-0300][2,170s] GC(4) Pause Cleanup
[2019-12-15T12:38:48.193-0300][2,170s] GC(4) Pause Cleanup 27M->27M(512M) 0,091ms
[2019-12-15T12:38:48.193-0300][2,170s] GC(4) User=0,00s Sys=0,00s Real=0,00s
[2019-12-15T12:38:48.193-0300][2,170s] GC(4) Concurrent Cleanup for Next Mark
[2019-12-15T12:38:48.197-0300][2,174s] GC(4) Concurrent Cleanup for Next Mark 3,860ms
[2019-12-15T12:38:48.197-0300][2,174s] GC(4) Concurrent Cycle 87,679ms
[2019-12-15T12:38:48.993-0300][2,970s] GC(5) Pause Young (Concurrent Start) (G1 Evacuation Pause)
[2019-12-15T12:38:48.993-0300][2,970s] GC(5) Using 4 workers of 4 for evacuation
[2019-12-15T12:38:49.006-0300][2,982s] GC(5)   Pre Evacuate Collection Set: 0,1ms
[2019-12-15T12:38:49.006-0300][2,982s] GC(5)   Evacuate Collection Set: 11,4ms
[2019-12-15T12:38:49.006-0300][2,982s] GC(5)   Post Evacuate Collection Set: 1,0ms
[2019-12-15T12:38:49.006-0300][2,982s] GC(5)   Other: 0,2ms
[2019-12-15T12:38:49.006-0300][2,982s] GC(5) Eden regions: 59->0(74)
[2019-12-15T12:38:49.006-0300][2,982s] GC(5) Survivor regions: 1->5(8)
[2019-12-15T12:38:49.006-0300][2,982s] GC(5) Old regions: 21->21
[2019-12-15T12:38:49.006-0300][2,982s] GC(5) Humongous regions: 4->4
[2019-12-15T12:38:49.006-0300][2,982s] GC(5) Metaspace: 27787K->27787K(1075200K)
[2019-12-15T12:38:49.006-0300][2,982s] GC(5) Pause Young (Concurrent Start) (G1 Evacuation Pause) 82M->27M(512M) 12,710ms
[2019-12-15T12:38:49.006-0300][2,983s] GC(5) User=0,04s Sys=0,00s Real=0,01s
[2019-12-15T12:38:49.006-0300][2,983s] GC(6) Concurrent Cycle
[2019-12-15T12:38:49.006-0300][2,983s] GC(6) Concurrent Clear Claimed Marks
[2019-12-15T12:38:49.006-0300][2,983s] GC(6) Concurrent Clear Claimed Marks 0,071ms
[2019-12-15T12:38:49.006-0300][2,983s] GC(6) Concurrent Scan Root Regions
[2019-12-15T12:38:49.009-0300][2,985s] GC(6) Concurrent Scan Root Regions 2,661ms
[2019-12-15T12:38:49.009-0300][2,985s] GC(6) Concurrent Mark (2,985s)
[2019-12-15T12:38:49.009-0300][2,985s] GC(6) Concurrent Mark From Roots
[2019-12-15T12:38:49.009-0300][2,985s] GC(6) Using 1 workers of 1 for marking
[2019-12-15T12:38:49.045-0300][3,022s] GC(6) Concurrent Mark From Roots 36,314ms
[2019-12-15T12:38:49.045-0300][3,022s] GC(6) Concurrent Preclean
[2019-12-15T12:38:49.045-0300][3,022s] GC(6) Concurrent Preclean 0,144ms
[2019-12-15T12:38:49.045-0300][3,022s] GC(6) Concurrent Mark (2,985s, 3,022s) 36,512ms
[2019-12-15T12:38:49.046-0300][3,022s] GC(6) Pause Remark
[2019-12-15T12:38:49.052-0300][3,028s] GC(6) Cleaned string and symbol table, strings: 13779 processed, 2 removed, symbols: 81335 processed, 27 removed
[2019-12-15T12:38:49.052-0300][3,028s] GC(6) Pause Remark 28M->28M(512M) 6,520ms
[2019-12-15T12:38:49.052-0300][3,028s] GC(6) User=0,02s Sys=0,00s Real=0,01s
[2019-12-15T12:38:49.052-0300][3,029s] GC(6) Concurrent Rebuild Remembered Sets
[2019-12-15T12:38:49.073-0300][3,049s] GC(6) Concurrent Rebuild Remembered Sets 20,351ms
[2019-12-15T12:38:49.073-0300][3,049s] GC(6) Pause Cleanup
[2019-12-15T12:38:49.073-0300][3,049s] GC(6) Pause Cleanup 28M->28M(512M) 0,153ms
[2019-12-15T12:38:49.073-0300][3,049s] GC(6) User=0,00s Sys=0,00s Real=0,00s
[2019-12-15T12:38:49.073-0300][3,049s] GC(6) Concurrent Cleanup for Next Mark
[2019-12-15T12:38:49.074-0300][3,050s] GC(6) Concurrent Cleanup for Next Mark 1,056ms
[2019-12-15T12:38:49.074-0300][3,050s] GC(6) Concurrent Cycle 67,794ms
[2019-12-15T12:39:31.588-0300][45,564s] GC(7) Pause Young (Normal) (G1 Evacuation Pause)
[2019-12-15T12:39:31.588-0300][45,564s] GC(7) Using 4 workers of 4 for evacuation
[2019-12-15T12:39:31.607-0300][45,583s] GC(7)   Pre Evacuate Collection Set: 0,0ms
[2019-12-15T12:39:31.607-0300][45,583s] GC(7)   Evacuate Collection Set: 18,8ms
[2019-12-15T12:39:31.607-0300][45,583s] GC(7)   Post Evacuate Collection Set: 0,3ms
[2019-12-15T12:39:31.607-0300][45,583s] GC(7)   Other: 0,1ms
[2019-12-15T12:39:31.607-0300][45,583s] GC(7) Eden regions: 74->0(170)
[2019-12-15T12:39:31.607-0300][45,583s] GC(7) Survivor regions: 5->10(10)
[2019-12-15T12:39:31.607-0300][45,583s] GC(7) Old regions: 21->21
[2019-12-15T12:39:31.607-0300][45,583s] GC(7) Humongous regions: 6->5
[2019-12-15T12:39:31.607-0300][45,583s] GC(7) Metaspace: 32373K->32373K(1079296K)
[2019-12-15T12:39:31.607-0300][45,583s] GC(7) Pause Young (Normal) (G1 Evacuation Pause) 103M->34M(512M) 19,299ms
[2019-12-15T12:39:31.607-0300][45,583s] GC(7) User=0,08s Sys=0,00s Real=0,02s
[2019-12-15T12:39:32.114-0300][46,090s] GC(8) Pause Young (Normal) (G1 Evacuation Pause)
[2019-12-15T12:39:32.114-0300][46,091s] GC(8) Using 4 workers of 4 for evacuation
[2019-12-15T12:39:32.125-0300][46,102s] GC(8)   Pre Evacuate Collection Set: 0,0ms
[2019-12-15T12:39:32.125-0300][46,102s] GC(8)   Evacuate Collection Set: 10,7ms
[2019-12-15T12:39:32.125-0300][46,102s] GC(8)   Post Evacuate Collection Set: 0,4ms
[2019-12-15T12:39:32.125-0300][46,102s] GC(8)   Other: 0,1ms
[2019-12-15T12:39:32.125-0300][46,102s] GC(8) Eden regions: 170->0(211)
[2019-12-15T12:39:32.125-0300][46,102s] GC(8) Survivor regions: 10->12(23)
[2019-12-15T12:39:32.125-0300][46,102s] GC(8) Old regions: 21->21
[2019-12-15T12:39:32.125-0300][46,102s] GC(8) Humongous regions: 5->5
[2019-12-15T12:39:32.125-0300][46,102s] GC(8) Metaspace: 34581K->34581K(1081344K)
[2019-12-15T12:39:32.125-0300][46,102s] GC(8) Pause Young (Normal) (G1 Evacuation Pause) 204M->35M(512M) 11,327ms
[2019-12-15T12:39:32.125-0300][46,102s] GC(8) User=0,04s Sys=0,00s Real=0,01s
[2019-12-15T13:01:38.899-0300][1372,875s] Heap
[2019-12-15T13:01:38.899-0300][1372,875s]  garbage-first heap   total 524288K, used 194147K [0x00000000e0000000, 0x0000000100000000)
[2019-12-15T13:01:38.899-0300][1372,875s]   region size 1024K, 167 young (171008K), 12 survivors (12288K)
[2019-12-15T13:01:38.899-0300][1372,875s]  Metaspace       used 42294K, capacity 43356K, committed 43644K, reserved 1087488K
[2019-12-15T13:01:38.899-0300][1372,875s]   class space    used 5127K, capacity 5547K, committed 5580K, reserved 1048576K
