[2019-12-15T13:01:41.019-0300][0.006s] Heap region size: 1M
[2019-12-15T13:01:41.032-0300][0.019s] Using G1
[2019-12-15T13:01:41.032-0300][0.019s] Heap address: 0x00000000e0000000, size: 512 MB, Compressed Oops mode: 32-bit
[2019-12-15T13:01:41.032-0300][0.019s] Mark closed archive regions in map: [0x00000000fff00000, 0x00000000fff69ff8]
[2019-12-15T13:01:41.032-0300][0.019s] Mark open archive regions in map: [0x00000000ffe00000, 0x00000000ffe33ff8]
[2019-12-15T13:01:41.538-0300][0,525s] GC(0) Pause Young (Normal) (G1 Evacuation Pause)
[2019-12-15T13:01:41.545-0300][0,531s] GC(0) Using 4 workers of 4 for evacuation
[2019-12-15T13:01:41.557-0300][0,544s] GC(0)   Pre Evacuate Collection Set: 0,0ms
[2019-12-15T13:01:41.557-0300][0,544s] GC(0)   Evacuate Collection Set: 11,2ms
[2019-12-15T13:01:41.557-0300][0,544s] GC(0)   Post Evacuate Collection Set: 1,5ms
[2019-12-15T13:01:41.557-0300][0,544s] GC(0)   Other: 6,7ms
[2019-12-15T13:01:41.557-0300][0,544s] GC(0) Eden regions: 25->0(304)
[2019-12-15T13:01:41.557-0300][0,544s] GC(0) Survivor regions: 0->3(4)
[2019-12-15T13:01:41.557-0300][0,544s] GC(0) Old regions: 2->2
[2019-12-15T13:01:41.557-0300][0,544s] GC(0) Humongous regions: 0->0
[2019-12-15T13:01:41.557-0300][0,544s] GC(0) Metaspace: 5944K->5944K(1056768K)
[2019-12-15T13:01:41.557-0300][0,544s] GC(0) Pause Young (Normal) (G1 Evacuation Pause) 25M->3M(512M) 19,497ms
[2019-12-15T13:01:41.557-0300][0,544s] GC(0) User=0,05s Sys=0,00s Real=0,02s
[2019-12-15T13:01:42.603-0300][1,590s] GC(1) Pause Young (Normal) (G1 Evacuation Pause)
[2019-12-15T13:01:42.603-0300][1,590s] GC(1) Using 4 workers of 4 for evacuation
[2019-12-15T13:01:42.628-0300][1,615s] GC(1)   Pre Evacuate Collection Set: 0,0ms
[2019-12-15T13:01:42.628-0300][1,615s] GC(1)   Evacuate Collection Set: 24,3ms
[2019-12-15T13:01:42.628-0300][1,615s] GC(1)   Post Evacuate Collection Set: 0,5ms
[2019-12-15T13:01:42.628-0300][1,615s] GC(1)   Other: 0,2ms
[2019-12-15T13:01:42.628-0300][1,615s] GC(1) Eden regions: 67->0(53)
[2019-12-15T13:01:42.628-0300][1,615s] GC(1) Survivor regions: 3->9(9)
[2019-12-15T13:01:42.628-0300][1,615s] GC(1) Old regions: 2->12
[2019-12-15T13:01:42.628-0300][1,615s] GC(1) Humongous regions: 4->4
[2019-12-15T13:01:42.628-0300][1,615s] GC(1) Metaspace: 16934K->16934K(1064960K)
[2019-12-15T13:01:42.628-0300][1,615s] GC(1) Pause Young (Normal) (G1 Evacuation Pause) 74M->22M(512M) 25,025ms
[2019-12-15T13:01:42.628-0300][1,615s] GC(1) User=0,07s Sys=0,01s Real=0,02s
[2019-12-15T13:01:42.890-0300][1,877s] GC(2) Pause Young (Normal) (G1 Evacuation Pause)
[2019-12-15T13:01:42.890-0300][1,877s] GC(2) Using 4 workers of 4 for evacuation
[2019-12-15T13:01:42.913-0300][1,899s] GC(2)   Pre Evacuate Collection Set: 0,0ms
[2019-12-15T13:01:42.913-0300][1,899s] GC(2)   Evacuate Collection Set: 22,0ms
[2019-12-15T13:01:42.913-0300][1,899s] GC(2)   Post Evacuate Collection Set: 0,4ms
[2019-12-15T13:01:42.913-0300][1,900s] GC(2)   Other: 0,1ms
[2019-12-15T13:01:42.913-0300][1,900s] GC(2) Eden regions: 19->0(48)
[2019-12-15T13:01:42.913-0300][1,900s] GC(2) Survivor regions: 9->1(4)
[2019-12-15T13:01:42.913-0300][1,900s] GC(2) Old regions: 12->20
[2019-12-15T13:01:42.913-0300][1,900s] GC(2) Humongous regions: 4->4
[2019-12-15T13:01:42.913-0300][1,900s] GC(2) Metaspace: 19584K->19584K(1067008K)
[2019-12-15T13:01:42.913-0300][1,900s] GC(2) Pause Young (Normal) (G1 Evacuation Pause) 41M->23M(512M) 22,518ms
[2019-12-15T13:01:42.913-0300][1,900s] GC(2) User=0,09s Sys=0,00s Real=0,02s
[2019-12-15T13:01:43.092-0300][2,079s] GC(3) Pause Young (Concurrent Start) (Metadata GC Threshold)
[2019-12-15T13:01:43.092-0300][2,079s] GC(3) Using 4 workers of 4 for evacuation
[2019-12-15T13:01:43.098-0300][2,084s] GC(3)   Pre Evacuate Collection Set: 0,0ms
[2019-12-15T13:01:43.098-0300][2,085s] GC(3)   Evacuate Collection Set: 5,4ms
[2019-12-15T13:01:43.098-0300][2,085s] GC(3)   Post Evacuate Collection Set: 0,2ms
[2019-12-15T13:01:43.098-0300][2,085s] GC(3)   Other: 0,1ms
[2019-12-15T13:01:43.098-0300][2,085s] GC(3) Eden regions: 24->0(63)
[2019-12-15T13:01:43.098-0300][2,085s] GC(3) Survivor regions: 1->1(7)
[2019-12-15T13:01:43.098-0300][2,085s] GC(3) Old regions: 20->20
[2019-12-15T13:01:43.098-0300][2,085s] GC(3) Humongous regions: 4->4
[2019-12-15T13:01:43.098-0300][2,085s] GC(3) Metaspace: 20530K->20530K(1069056K)
[2019-12-15T13:01:43.098-0300][2,085s] GC(3) Pause Young (Concurrent Start) (Metadata GC Threshold) 46M->23M(512M) 5,952ms
[2019-12-15T13:01:43.098-0300][2,085s] GC(3) User=0,02s Sys=0,00s Real=0,00s
[2019-12-15T13:01:43.098-0300][2,085s] GC(4) Concurrent Cycle
[2019-12-15T13:01:43.098-0300][2,085s] GC(4) Concurrent Clear Claimed Marks
[2019-12-15T13:01:43.098-0300][2,085s] GC(4) Concurrent Clear Claimed Marks 0,024ms
[2019-12-15T13:01:43.098-0300][2,085s] GC(4) Concurrent Scan Root Regions
[2019-12-15T13:01:43.099-0300][2,086s] GC(4) Concurrent Scan Root Regions 0,871ms
[2019-12-15T13:01:43.099-0300][2,086s] GC(4) Concurrent Mark (2,086s)
[2019-12-15T13:01:43.099-0300][2,086s] GC(4) Concurrent Mark From Roots
[2019-12-15T13:01:43.099-0300][2,086s] GC(4) Using 1 workers of 1 for marking
[2019-12-15T13:01:43.149-0300][2,136s] GC(4) Concurrent Mark From Roots 50,529ms
[2019-12-15T13:01:43.149-0300][2,136s] GC(4) Concurrent Preclean
[2019-12-15T13:01:43.150-0300][2,136s] GC(4) Concurrent Preclean 0,203ms
[2019-12-15T13:01:43.150-0300][2,136s] GC(4) Concurrent Mark (2,086s, 2,136s) 50,787ms
[2019-12-15T13:01:43.150-0300][2,137s] GC(4) Pause Remark
[2019-12-15T13:01:43.155-0300][2,142s] GC(4) Cleaned string and symbol table, strings: 9426 processed, 21 removed, symbols: 60440 processed, 47 removed
[2019-12-15T13:01:43.155-0300][2,142s] GC(4) Pause Remark 26M->26M(512M) 5,185ms
[2019-12-15T13:01:43.155-0300][2,142s] GC(4) User=0,02s Sys=0,00s Real=0,00s
[2019-12-15T13:01:43.155-0300][2,142s] GC(4) Concurrent Rebuild Remembered Sets
[2019-12-15T13:01:43.184-0300][2,171s] GC(4) Concurrent Rebuild Remembered Sets 29,358ms
[2019-12-15T13:01:43.184-0300][2,171s] GC(4) Pause Cleanup
[2019-12-15T13:01:43.185-0300][2,171s] GC(4) Pause Cleanup 27M->27M(512M) 0,091ms
[2019-12-15T13:01:43.185-0300][2,171s] GC(4) User=0,00s Sys=0,00s Real=0,00s
[2019-12-15T13:01:43.185-0300][2,171s] GC(4) Concurrent Cleanup for Next Mark
[2019-12-15T13:01:43.186-0300][2,172s] GC(4) Concurrent Cleanup for Next Mark 1,035ms
[2019-12-15T13:01:43.186-0300][2,172s] GC(4) Concurrent Cycle 87,804ms
[2019-12-15T13:01:43.928-0300][2,915s] GC(5) Pause Young (Concurrent Start) (G1 Evacuation Pause)
[2019-12-15T13:01:43.928-0300][2,915s] GC(5) Using 4 workers of 4 for evacuation
[2019-12-15T13:01:43.938-0300][2,925s] GC(5)   Pre Evacuate Collection Set: 0,1ms
[2019-12-15T13:01:43.938-0300][2,925s] GC(5)   Evacuate Collection Set: 8,8ms
[2019-12-15T13:01:43.938-0300][2,925s] GC(5)   Post Evacuate Collection Set: 1,0ms
[2019-12-15T13:01:43.938-0300][2,925s] GC(5)   Other: 0,2ms
[2019-12-15T13:01:43.938-0300][2,925s] GC(5) Eden regions: 63->0(83)
[2019-12-15T13:01:43.938-0300][2,925s] GC(5) Survivor regions: 1->5(8)
[2019-12-15T13:01:43.938-0300][2,925s] GC(5) Old regions: 20->20
[2019-12-15T13:01:43.938-0300][2,925s] GC(5) Humongous regions: 4->4
[2019-12-15T13:01:43.938-0300][2,925s] GC(5) Metaspace: 28105K->28105K(1075200K)
[2019-12-15T13:01:43.939-0300][2,925s] GC(5) Pause Young (Concurrent Start) (G1 Evacuation Pause) 86M->27M(512M) 10,094ms
[2019-12-15T13:01:43.939-0300][2,925s] GC(5) User=0,04s Sys=0,00s Real=0,00s
[2019-12-15T13:01:43.939-0300][2,925s] GC(6) Concurrent Cycle
[2019-12-15T13:01:43.939-0300][2,925s] GC(6) Concurrent Clear Claimed Marks
[2019-12-15T13:01:43.939-0300][2,925s] GC(6) Concurrent Clear Claimed Marks 0,068ms
[2019-12-15T13:01:43.939-0300][2,925s] GC(6) Concurrent Scan Root Regions
[2019-12-15T13:01:43.944-0300][2,930s] GC(6) Concurrent Scan Root Regions 4,939ms
[2019-12-15T13:01:43.944-0300][2,930s] GC(6) Concurrent Mark (2,930s)
[2019-12-15T13:01:43.944-0300][2,930s] GC(6) Concurrent Mark From Roots
[2019-12-15T13:01:43.944-0300][2,930s] GC(6) Using 1 workers of 1 for marking
[2019-12-15T13:01:43.985-0300][2,972s] GC(6) Concurrent Mark From Roots 41,155ms
[2019-12-15T13:01:43.985-0300][2,972s] GC(6) Concurrent Preclean
[2019-12-15T13:01:43.985-0300][2,972s] GC(6) Concurrent Preclean 0,139ms
[2019-12-15T13:01:43.985-0300][2,972s] GC(6) Concurrent Mark (2,930s, 2,972s) 41,347ms
[2019-12-15T13:01:43.988-0300][2,975s] GC(6) Pause Remark
[2019-12-15T13:01:43.996-0300][2,982s] GC(6) Cleaned string and symbol table, strings: 13989 processed, 2 removed, symbols: 82898 processed, 26 removed
[2019-12-15T13:01:43.996-0300][2,983s] GC(6) Pause Remark 32M->32M(512M) 7,963ms
[2019-12-15T13:01:43.996-0300][2,983s] GC(6) User=0,03s Sys=0,00s Real=0,01s
[2019-12-15T13:01:43.996-0300][2,983s] GC(6) Concurrent Rebuild Remembered Sets
[2019-12-15T13:01:44.019-0300][3,005s] GC(6) Concurrent Rebuild Remembered Sets 22,721ms
[2019-12-15T13:01:44.019-0300][3,005s] GC(6) Pause Cleanup
[2019-12-15T13:01:44.019-0300][3,006s] GC(6) Pause Cleanup 35M->35M(512M) 0,093ms
[2019-12-15T13:01:44.019-0300][3,006s] GC(6) User=0,00s Sys=0,00s Real=0,00s
[2019-12-15T13:01:44.019-0300][3,006s] GC(6) Concurrent Cleanup for Next Mark
[2019-12-15T13:01:44.021-0300][3,008s] GC(6) Concurrent Cleanup for Next Mark 2,125ms
[2019-12-15T13:01:44.021-0300][3,008s] GC(6) Concurrent Cycle 82,459ms
[2019-12-15T13:01:44.510-0300][3,497s] GC(7) Pause Young (Normal) (G1 Evacuation Pause)
[2019-12-15T13:01:44.510-0300][3,497s] GC(7) Using 4 workers of 4 for evacuation
[2019-12-15T13:01:44.521-0300][3,508s] GC(7)   Pre Evacuate Collection Set: 0,0ms
[2019-12-15T13:01:44.521-0300][3,508s] GC(7)   Evacuate Collection Set: 10,6ms
[2019-12-15T13:01:44.521-0300][3,508s] GC(7)   Post Evacuate Collection Set: 0,3ms
[2019-12-15T13:01:44.521-0300][3,508s] GC(7)   Other: 0,1ms
[2019-12-15T13:01:44.521-0300][3,508s] GC(7) Eden regions: 83->0(111)
[2019-12-15T13:01:44.521-0300][3,508s] GC(7) Survivor regions: 5->11(11)
[2019-12-15T13:01:44.521-0300][3,508s] GC(7) Old regions: 20->20
[2019-12-15T13:01:44.521-0300][3,508s] GC(7) Humongous regions: 6->5
[2019-12-15T13:01:44.521-0300][3,508s] GC(7) Metaspace: 31422K->31422K(1077248K)
[2019-12-15T13:01:44.521-0300][3,508s] GC(7) Pause Young (Normal) (G1 Evacuation Pause) 112M->33M(512M) 11,190ms
[2019-12-15T13:01:44.521-0300][3,508s] GC(7) User=0,04s Sys=0,01s Real=0,01s
[2019-12-15T13:01:44.799-0300][3,786s] GC(8) Pause Young (Normal) (G1 Evacuation Pause)
[2019-12-15T13:01:44.799-0300][3,786s] GC(8) Using 4 workers of 4 for evacuation
[2019-12-15T13:01:44.811-0300][3,798s] GC(8)   Pre Evacuate Collection Set: 0,0ms
[2019-12-15T13:01:44.811-0300][3,798s] GC(8)   Evacuate Collection Set: 10,9ms
[2019-12-15T13:01:44.811-0300][3,798s] GC(8)   Post Evacuate Collection Set: 0,4ms
[2019-12-15T13:01:44.811-0300][3,798s] GC(8)   Other: 0,2ms
[2019-12-15T13:01:44.811-0300][3,798s] GC(8) Eden regions: 111->0(299)
[2019-12-15T13:01:44.811-0300][3,798s] GC(8) Survivor regions: 11->8(16)
[2019-12-15T13:01:44.811-0300][3,798s] GC(8) Old regions: 20->25
[2019-12-15T13:01:44.811-0300][3,798s] GC(8) Humongous regions: 5->5
[2019-12-15T13:01:44.811-0300][3,798s] GC(8) Metaspace: 32303K->32303K(1079296K)
[2019-12-15T13:01:44.811-0300][3,798s] GC(8) Pause Young (Normal) (G1 Evacuation Pause) 144M->35M(512M) 11,590ms
[2019-12-15T13:01:44.811-0300][3,798s] GC(8) User=0,04s Sys=0,01s Real=0,02s
[2019-12-15T13:02:59.214-0300][78,201s] GC(9) Pause Young (Normal) (G1 Evacuation Pause)
[2019-12-15T13:02:59.214-0300][78,201s] GC(9) Using 4 workers of 4 for evacuation
[2019-12-15T13:02:59.233-0300][78,219s] GC(9)   Pre Evacuate Collection Set: 0,0ms
[2019-12-15T13:02:59.233-0300][78,219s] GC(9)   Evacuate Collection Set: 14,8ms
[2019-12-15T13:02:59.233-0300][78,219s] GC(9)   Post Evacuate Collection Set: 3,7ms
[2019-12-15T13:02:59.233-0300][78,220s] GC(9)   Other: 0,3ms
[2019-12-15T13:02:59.233-0300][78,220s] GC(9) Eden regions: 299->0(285)
[2019-12-15T13:02:59.233-0300][78,220s] GC(9) Survivor regions: 8->22(39)
[2019-12-15T13:02:59.233-0300][78,220s] GC(9) Old regions: 25->25
[2019-12-15T13:02:59.233-0300][78,220s] GC(9) Humongous regions: 8->8
[2019-12-15T13:02:59.233-0300][78,220s] GC(9) Metaspace: 44599K->44599K(1089536K)
[2019-12-15T13:02:59.233-0300][78,220s] GC(9) Pause Young (Normal) (G1 Evacuation Pause) 337M->52M(512M) 18,885ms
[2019-12-15T13:02:59.233-0300][78,220s] GC(9) User=0,05s Sys=0,00s Real=0,02s
[2019-12-15T13:03:00.818-0300][79,805s] GC(10) Pause Young (Normal) (G1 Evacuation Pause)
[2019-12-15T13:03:00.818-0300][79,805s] GC(10) Using 4 workers of 4 for evacuation
[2019-12-15T13:03:00.837-0300][79,824s] GC(10)   Pre Evacuate Collection Set: 0,0ms
[2019-12-15T13:03:00.837-0300][79,824s] GC(10)   Evacuate Collection Set: 18,4ms
[2019-12-15T13:03:00.837-0300][79,824s] GC(10)   Post Evacuate Collection Set: 0,5ms
[2019-12-15T13:03:00.837-0300][79,824s] GC(10)   Other: 0,2ms
[2019-12-15T13:03:00.837-0300][79,824s] GC(10) Eden regions: 285->0(268)
[2019-12-15T13:03:00.837-0300][79,824s] GC(10) Survivor regions: 22->39(39)
[2019-12-15T13:03:00.837-0300][79,824s] GC(10) Old regions: 25->33
[2019-12-15T13:03:00.837-0300][79,824s] GC(10) Humongous regions: 14->12
[2019-12-15T13:03:00.837-0300][79,824s] GC(10) Metaspace: 44623K->44623K(1089536K)
[2019-12-15T13:03:00.837-0300][79,824s] GC(10) Pause Young (Normal) (G1 Evacuation Pause) 343M->82M(512M) 19,151ms
[2019-12-15T13:03:00.837-0300][79,824s] GC(10) User=0,06s Sys=0,01s Real=0,02s
[2019-12-15T13:03:02.543-0300][81,530s] GC(11) Pause Young (Normal) (G1 Evacuation Pause)
[2019-12-15T13:03:02.543-0300][81,530s] GC(11) Using 4 workers of 4 for evacuation
[2019-12-15T13:03:02.562-0300][81,549s] GC(11)   Pre Evacuate Collection Set: 0,0ms
[2019-12-15T13:03:02.562-0300][81,549s] GC(11)   Evacuate Collection Set: 18,8ms
[2019-12-15T13:03:02.562-0300][81,549s] GC(11)   Post Evacuate Collection Set: 0,5ms
[2019-12-15T13:03:02.562-0300][81,549s] GC(11)   Other: 0,1ms
[2019-12-15T13:03:02.562-0300][81,549s] GC(11) Eden regions: 268->0(266)
[2019-12-15T13:03:02.562-0300][81,549s] GC(11) Survivor regions: 39->30(39)
[2019-12-15T13:03:02.562-0300][81,549s] GC(11) Old regions: 33->61
[2019-12-15T13:03:02.562-0300][81,549s] GC(11) Humongous regions: 63->31
[2019-12-15T13:03:02.562-0300][81,549s] GC(11) Metaspace: 44635K->44635K(1089536K)
[2019-12-15T13:03:02.562-0300][81,549s] GC(11) Pause Young (Normal) (G1 Evacuation Pause) 401M->119M(512M) 19,573ms
[2019-12-15T13:03:02.562-0300][81,549s] GC(11) User=0,07s Sys=0,02s Real=0,02s
[2019-12-15T13:03:06.239-0300][85,226s] GC(12) Pause Young (Normal) (G1 Evacuation Pause)
[2019-12-15T13:03:06.239-0300][85,226s] GC(12) Using 4 workers of 4 for evacuation
[2019-12-15T13:03:06.265-0300][85,252s] GC(12)   Pre Evacuate Collection Set: 0,0ms
[2019-12-15T13:03:06.265-0300][85,252s] GC(12)   Evacuate Collection Set: 25,5ms
[2019-12-15T13:03:06.265-0300][85,252s] GC(12)   Post Evacuate Collection Set: 0,5ms
[2019-12-15T13:03:06.265-0300][85,252s] GC(12)   Other: 0,2ms
[2019-12-15T13:03:06.265-0300][85,252s] GC(12) Eden regions: 266->0(245)
[2019-12-15T13:03:06.265-0300][85,252s] GC(12) Survivor regions: 30->27(37)
[2019-12-15T13:03:06.265-0300][85,252s] GC(12) Old regions: 61->83
[2019-12-15T13:03:06.265-0300][85,252s] GC(12) Humongous regions: 80->38
[2019-12-15T13:03:06.265-0300][85,252s] GC(12) Metaspace: 45618K->45618K(1091584K)
[2019-12-15T13:03:06.265-0300][85,252s] GC(12) Pause Young (Normal) (G1 Evacuation Pause) 434M->146M(512M) 26,330ms
[2019-12-15T13:03:06.265-0300][85,252s] GC(12) User=0,08s Sys=0,01s Real=0,03s
[2019-12-15T13:03:06.676-0300][85,662s] GC(13) Pause Young (Normal) (G1 Evacuation Pause)
[2019-12-15T13:03:06.676-0300][85,663s] GC(13) Using 4 workers of 4 for evacuation
[2019-12-15T13:03:06.694-0300][85,681s] GC(13)   Pre Evacuate Collection Set: 0,0ms
[2019-12-15T13:03:06.694-0300][85,681s] GC(13)   Evacuate Collection Set: 17,5ms
[2019-12-15T13:03:06.694-0300][85,681s] GC(13)   Post Evacuate Collection Set: 0,6ms
[2019-12-15T13:03:06.694-0300][85,681s] GC(13)   Other: 0,1ms
[2019-12-15T13:03:06.694-0300][85,681s] GC(13) Eden regions: 245->0(253)
[2019-12-15T13:03:06.694-0300][85,681s] GC(13) Survivor regions: 27->2(34)
[2019-12-15T13:03:06.694-0300][85,681s] GC(13) Old regions: 83->109
[2019-12-15T13:03:06.694-0300][85,681s] GC(13) Humongous regions: 38->38
[2019-12-15T13:03:06.694-0300][85,681s] GC(13) Metaspace: 45627K->45627K(1091584K)
[2019-12-15T13:03:06.694-0300][85,681s] GC(13) Pause Young (Normal) (G1 Evacuation Pause) 391M->147M(512M) 18,316ms
[2019-12-15T13:03:06.694-0300][85,681s] GC(13) User=0,07s Sys=0,01s Real=0,02s
[2019-12-15T13:03:07.341-0300][86,328s] GC(14) Pause Young (Normal) (G1 Evacuation Pause)
[2019-12-15T13:03:07.341-0300][86,328s] GC(14) Using 4 workers of 4 for evacuation
[2019-12-15T13:03:07.344-0300][86,330s] GC(14)   Pre Evacuate Collection Set: 0,0ms
[2019-12-15T13:03:07.344-0300][86,331s] GC(14)   Evacuate Collection Set: 2,0ms
[2019-12-15T13:03:07.344-0300][86,331s] GC(14)   Post Evacuate Collection Set: 0,3ms
[2019-12-15T13:03:07.344-0300][86,331s] GC(14)   Other: 0,1ms
[2019-12-15T13:03:07.344-0300][86,331s] GC(14) Eden regions: 253->0(262)
[2019-12-15T13:03:07.344-0300][86,331s] GC(14) Survivor regions: 2->1(32)
[2019-12-15T13:03:07.344-0300][86,331s] GC(14) Old regions: 109->109
[2019-12-15T13:03:07.344-0300][86,331s] GC(14) Humongous regions: 38->38
[2019-12-15T13:03:07.344-0300][86,331s] GC(14) Metaspace: 45666K->45666K(1091584K)
[2019-12-15T13:03:07.344-0300][86,331s] GC(14) Pause Young (Normal) (G1 Evacuation Pause) 400M->146M(512M) 2,573ms
[2019-12-15T13:03:07.344-0300][86,331s] GC(14) User=0,01s Sys=0,00s Real=0,00s
