Java HotSpot(TM) 64-Bit Server VM (25.221-b11) for linux-amd64 JRE (1.8.0_221-b11), built on Jul  4 2019 04:27:00 by "java_re" with gcc 7.3.0
Memory: 4k page, physical 3732772k(1159632k free), swap 3886076k(2889112k free)
CommandLine flags: -XX:+AlwaysPreTouch -XX:GCLogFileSize=20971520 -XX:InitialHeapSize=536870912 -XX:MaxGCPauseMillis=250 -XX:MaxHeapSize=536870912 -XX:NumberOfGCLogFiles=9 -XX:OnOutOfMemoryError=/home/enzo/Documentos/harena-ir/buid-solr/solr-8.3.0/bin/oom_solr.sh 8983 /home/enzo/Documentos/harena-ir/buid-solr/solr-8.3.0/server/logs -XX:+ParallelRefProcEnabled -XX:+PerfDisableSharedMem -XX:+PrintGC -XX:+PrintGCApplicationStoppedTime -XX:+PrintGCDateStamps -XX:+PrintGCDetails -XX:+PrintGCTimeStamps -XX:+PrintHeapAtGC -XX:+PrintTenuringDistribution -XX:ThreadStackSize=256 -XX:+UseCompressedClassPointers -XX:+UseCompressedOops -XX:+UseG1GC -XX:+UseGCLogFileRotation -XX:+UseLargePages 
2020-04-28T10:23:22.147-0300: 1,366: Total time for which application threads were stopped: 0,0001433 seconds, Stopping threads took: 0,0000321 seconds
2020-04-28T10:23:22.747-0300: 1,966: Total time for which application threads were stopped: 0,0005926 seconds, Stopping threads took: 0,0004293 seconds
2020-04-28T10:23:23.435-0300: 2,654: Total time for which application threads were stopped: 0,0002638 seconds, Stopping threads took: 0,0000560 seconds
{Heap before GC invocations=0 (full 0):
 garbage-first heap   total 524288K, used 25600K [0x00000000e0000000, 0x00000000e0101000, 0x0000000100000000)
  region size 1024K, 25 young (25600K), 0 survivors (0K)
 Metaspace       used 9836K, capacity 10156K, committed 10368K, reserved 1058816K
  class space    used 1199K, capacity 1288K, committed 1408K, reserved 1048576K
2020-04-28T10:23:24.020-0300: 3,239: [GC pause (G1 Evacuation Pause) (young)
Desired survivor size 2097152 bytes, new threshold 15 (max 15)
, 0,0111117 secs]
   [Parallel Time: 7,5 ms, GC Workers: 2]
      [GC Worker Start (ms): Min: 3238,9, Avg: 3238,9, Max: 3238,9, Diff: 0,0]
      [Ext Root Scanning (ms): Min: 1,2, Avg: 1,2, Max: 1,2, Diff: 0,1, Sum: 2,4]
      [Update RS (ms): Min: 0,0, Avg: 0,0, Max: 0,0, Diff: 0,0, Sum: 0,0]
         [Processed Buffers: Min: 0, Avg: 0,0, Max: 0, Diff: 0, Sum: 0]
      [Scan RS (ms): Min: 0,0, Avg: 0,0, Max: 0,0, Diff: 0,0, Sum: 0,0]
      [Code Root Scanning (ms): Min: 0,3, Avg: 0,6, Max: 0,9, Diff: 0,7, Sum: 1,2]
      [Object Copy (ms): Min: 5,3, Avg: 5,6, Max: 5,9, Diff: 0,6, Sum: 11,2]
      [Termination (ms): Min: 0,0, Avg: 0,0, Max: 0,0, Diff: 0,0, Sum: 0,0]
         [Termination Attempts: Min: 1, Avg: 1,0, Max: 1, Diff: 0, Sum: 2]
      [GC Worker Other (ms): Min: 0,0, Avg: 0,0, Max: 0,0, Diff: 0,0, Sum: 0,0]
      [GC Worker Total (ms): Min: 7,4, Avg: 7,4, Max: 7,4, Diff: 0,0, Sum: 14,9]
      [GC Worker End (ms): Min: 3246,4, Avg: 3246,4, Max: 3246,4, Diff: 0,0]
   [Code Root Fixup: 0,0 ms]
   [Code Root Purge: 0,0 ms]
   [Clear CT: 0,0 ms]
   [Other: 3,5 ms]
      [Choose CSet: 0,0 ms]
      [Ref Proc: 3,3 ms]
      [Ref Enq: 0,1 ms]
      [Redirty Cards: 0,0 ms]
      [Humongous Register: 0,0 ms]
      [Humongous Reclaim: 0,0 ms]
      [Free CSet: 0,0 ms]
   [Eden: 25,0M(25,0M)->0,0B(21,0M) Survivors: 0,0B->4096,0K Heap: 25,0M(512,0M)->4835,5K(512,0M)]
Heap after GC invocations=1 (full 0):
 garbage-first heap   total 524288K, used 4835K [0x00000000e0000000, 0x00000000e0101000, 0x0000000100000000)
  region size 1024K, 4 young (4096K), 4 survivors (4096K)
 Metaspace       used 9836K, capacity 10156K, committed 10368K, reserved 1058816K
  class space    used 1199K, capacity 1288K, committed 1408K, reserved 1048576K
}
 [Times: user=0,01 sys=0,01, real=0,01 secs] 
2020-04-28T10:23:24.031-0300: 3,250: Total time for which application threads were stopped: 0,0114659 seconds, Stopping threads took: 0,0000414 seconds
2020-04-28T10:23:24.174-0300: 3,393: Total time for which application threads were stopped: 0,0002317 seconds, Stopping threads took: 0,0000327 seconds
2020-04-28T10:23:24.596-0300: 3,814: Total time for which application threads were stopped: 0,0002736 seconds, Stopping threads took: 0,0000320 seconds
2020-04-28T10:23:25.597-0300: 4,816: Total time for which application threads were stopped: 0,0001639 seconds, Stopping threads took: 0,0000372 seconds
2020-04-28T10:23:25.643-0300: 4,862: Total time for which application threads were stopped: 0,0002504 seconds, Stopping threads took: 0,0000379 seconds
2020-04-28T10:23:26.437-0300: 5,656: Total time for which application threads were stopped: 0,0002563 seconds, Stopping threads took: 0,0000310 seconds
{Heap before GC invocations=1 (full 0):
 garbage-first heap   total 524288K, used 28387K [0x00000000e0000000, 0x00000000e0101000, 0x0000000100000000)
  region size 1024K, 25 young (25600K), 4 survivors (4096K)
 Metaspace       used 14655K, capacity 14948K, committed 15232K, reserved 1062912K
  class space    used 1791K, capacity 1875K, committed 1920K, reserved 1048576K
2020-04-28T10:23:26.725-0300: 5,943: [GC pause (G1 Evacuation Pause) (young)
Desired survivor size 2097152 bytes, new threshold 1 (max 15)
- age   1:    2345936 bytes,    2345936 total
, 0,1289675 secs]
   [Parallel Time: 120,0 ms, GC Workers: 2]
      [GC Worker Start (ms): Min: 5943,4, Avg: 5944,2, Max: 5945,0, Diff: 1,6]
      [Ext Root Scanning (ms): Min: 3,5, Avg: 8,6, Max: 13,7, Diff: 10,3, Sum: 17,2]
      [Update RS (ms): Min: 2,5, Avg: 4,4, Max: 6,2, Diff: 3,6, Sum: 8,7]
         [Processed Buffers: Min: 1, Avg: 1,5, Max: 2, Diff: 1, Sum: 3]
      [Scan RS (ms): Min: 45,2, Avg: 46,3, Max: 47,4, Diff: 2,2, Sum: 92,5]
      [Code Root Scanning (ms): Min: 0,0, Avg: 1,0, Max: 1,9, Diff: 1,9, Sum: 1,9]
      [Object Copy (ms): Min: 51,8, Avg: 56,6, Max: 61,4, Diff: 9,5, Sum: 113,2]
      [Termination (ms): Min: 0,0, Avg: 2,1, Max: 4,3, Diff: 4,3, Sum: 4,3]
         [Termination Attempts: Min: 1, Avg: 1,0, Max: 1, Diff: 0, Sum: 2]
      [GC Worker Other (ms): Min: 0,0, Avg: 0,0, Max: 0,0, Diff: 0,0, Sum: 0,0]
      [GC Worker Total (ms): Min: 118,1, Avg: 119,0, Max: 119,8, Diff: 1,7, Sum: 237,9]
      [GC Worker End (ms): Min: 6063,1, Avg: 6063,1, Max: 6063,2, Diff: 0,1]
   [Code Root Fixup: 0,0 ms]
   [Code Root Purge: 0,0 ms]
   [Clear CT: 0,0 ms]
   [Other: 8,9 ms]
      [Choose CSet: 0,0 ms]
      [Ref Proc: 8,5 ms]
      [Ref Enq: 0,1 ms]
      [Redirty Cards: 0,1 ms]
      [Humongous Register: 0,0 ms]
      [Humongous Reclaim: 0,0 ms]
      [Free CSet: 0,1 ms]
   [Eden: 21,0M(21,0M)->0,0B(21,0M) Survivors: 4096,0K->4096,0K Heap: 27,7M(512,0M)->14,8M(512,0M)]
Heap after GC invocations=2 (full 0):
 garbage-first heap   total 524288K, used 15192K [0x00000000e0000000, 0x00000000e0101000, 0x0000000100000000)
  region size 1024K, 4 young (4096K), 4 survivors (4096K)
 Metaspace       used 14655K, capacity 14948K, committed 15232K, reserved 1062912K
  class space    used 1791K, capacity 1875K, committed 1920K, reserved 1048576K
}
 [Times: user=0,05 sys=0,01, real=0,12 secs] 
2020-04-28T10:23:26.854-0300: 6,073: Total time for which application threads were stopped: 0,1292927 seconds, Stopping threads took: 0,0000287 seconds
2020-04-28T10:23:27.871-0300: 7,090: Total time for which application threads were stopped: 0,0174595 seconds, Stopping threads took: 0,0173658 seconds
2020-04-28T10:23:28.659-0300: 7,878: Total time for which application threads were stopped: 0,0002577 seconds, Stopping threads took: 0,0001437 seconds
2020-04-28T10:23:28.659-0300: 7,878: Total time for which application threads were stopped: 0,0001116 seconds, Stopping threads took: 0,0000449 seconds
2020-04-28T10:23:28.664-0300: 7,883: Total time for which application threads were stopped: 0,0001250 seconds, Stopping threads took: 0,0000623 seconds
2020-04-28T10:23:28.827-0300: 8,046: Total time for which application threads were stopped: 0,0003957 seconds, Stopping threads took: 0,0000513 seconds
2020-04-28T10:23:29.362-0300: 8,581: Total time for which application threads were stopped: 0,0003362 seconds, Stopping threads took: 0,0000332 seconds
2020-04-28T10:23:29.734-0300: 8,953: Total time for which application threads were stopped: 0,0003887 seconds, Stopping threads took: 0,0000589 seconds
{Heap before GC invocations=2 (full 0):
 garbage-first heap   total 524288K, used 36696K [0x00000000e0000000, 0x00000000e0101000, 0x0000000100000000)
  region size 1024K, 25 young (25600K), 4 survivors (4096K)
 Metaspace       used 18191K, capacity 18588K, committed 18816K, reserved 1064960K
  class space    used 2197K, capacity 2319K, committed 2432K, reserved 1048576K
2020-04-28T10:23:30.141-0300: 9,360: [GC pause (G1 Evacuation Pause) (young)
Desired survivor size 2097152 bytes, new threshold 1 (max 15)
- age   1:    4194056 bytes,    4194056 total
, 0,0663019 secs]
   [Parallel Time: 59,1 ms, GC Workers: 2]
      [GC Worker Start (ms): Min: 9360,0, Avg: 9360,6, Max: 9361,1, Diff: 1,1]
      [Ext Root Scanning (ms): Min: 1,5, Avg: 1,9, Max: 2,3, Diff: 0,9, Sum: 3,8]
      [Update RS (ms): Min: 0,7, Avg: 0,8, Max: 0,8, Diff: 0,0, Sum: 1,5]
         [Processed Buffers: Min: 3, Avg: 4,0, Max: 5, Diff: 2, Sum: 8]
      [Scan RS (ms): Min: 2,7, Avg: 2,7, Max: 2,8, Diff: 0,1, Sum: 5,5]
      [Code Root Scanning (ms): Min: 0,1, Avg: 0,2, Max: 0,3, Diff: 0,2, Sum: 0,4]
      [Object Copy (ms): Min: 48,8, Avg: 50,9, Max: 53,1, Diff: 4,3, Sum: 101,8]
      [Termination (ms): Min: 0,0, Avg: 2,0, Max: 3,9, Diff: 3,9, Sum: 3,9]
         [Termination Attempts: Min: 1, Avg: 1,0, Max: 1, Diff: 0, Sum: 2]
      [GC Worker Other (ms): Min: 0,0, Avg: 0,0, Max: 0,0, Diff: 0,0, Sum: 0,1]
      [GC Worker Total (ms): Min: 58,0, Avg: 58,5, Max: 59,0, Diff: 1,0, Sum: 117,0]
      [GC Worker End (ms): Min: 9419,0, Avg: 9419,1, Max: 9419,1, Diff: 0,1]
   [Code Root Fixup: 0,0 ms]
   [Code Root Purge: 0,0 ms]
   [Clear CT: 1,2 ms]
   [Other: 6,0 ms]
      [Choose CSet: 0,0 ms]
      [Ref Proc: 5,3 ms]
      [Ref Enq: 0,3 ms]
      [Redirty Cards: 0,2 ms]
      [Humongous Register: 0,0 ms]
      [Humongous Reclaim: 0,0 ms]
      [Free CSet: 0,0 ms]
   [Eden: 21,0M(21,0M)->0,0B(30,0M) Survivors: 4096,0K->4096,0K Heap: 35,8M(512,0M)->19,5M(512,0M)]
Heap after GC invocations=3 (full 0):
 garbage-first heap   total 524288K, used 19968K [0x00000000e0000000, 0x00000000e0101000, 0x0000000100000000)
  region size 1024K, 4 young (4096K), 4 survivors (4096K)
 Metaspace       used 18191K, capacity 18588K, committed 18816K, reserved 1064960K
  class space    used 2197K, capacity 2319K, committed 2432K, reserved 1048576K
}
 [Times: user=0,03 sys=0,00, real=0,07 secs] 
2020-04-28T10:23:30.208-0300: 9,426: Total time for which application threads were stopped: 0,0666678 seconds, Stopping threads took: 0,0000517 seconds
2020-04-28T10:23:30.225-0300: 9,444: Total time for which application threads were stopped: 0,0043602 seconds, Stopping threads took: 0,0042272 seconds
2020-04-28T10:23:30.225-0300: 9,444: Total time for which application threads were stopped: 0,0000913 seconds, Stopping threads took: 0,0000249 seconds
2020-04-28T10:23:30.226-0300: 9,444: Total time for which application threads were stopped: 0,0001150 seconds, Stopping threads took: 0,0000425 seconds
2020-04-28T10:23:30.226-0300: 9,445: Total time for which application threads were stopped: 0,0000804 seconds, Stopping threads took: 0,0000207 seconds
2020-04-28T10:23:30.226-0300: 9,445: Total time for which application threads were stopped: 0,0000772 seconds, Stopping threads took: 0,0000197 seconds
2020-04-28T10:23:30.226-0300: 9,445: Total time for which application threads were stopped: 0,0000763 seconds, Stopping threads took: 0,0000196 seconds
2020-04-28T10:23:30.226-0300: 9,445: Total time for which application threads were stopped: 0,0000757 seconds, Stopping threads took: 0,0000197 seconds
2020-04-28T10:23:30.226-0300: 9,445: Total time for which application threads were stopped: 0,0000767 seconds, Stopping threads took: 0,0000195 seconds
2020-04-28T10:23:30.226-0300: 9,445: Total time for which application threads were stopped: 0,0001187 seconds, Stopping threads took: 0,0000195 seconds
2020-04-28T10:23:30.226-0300: 9,445: Total time for which application threads were stopped: 0,0000818 seconds, Stopping threads took: 0,0000220 seconds
2020-04-28T10:23:30.227-0300: 9,445: Total time for which application threads were stopped: 0,0000783 seconds, Stopping threads took: 0,0000199 seconds
2020-04-28T10:23:30.227-0300: 9,446: Total time for which application threads were stopped: 0,0000778 seconds, Stopping threads took: 0,0000210 seconds
2020-04-28T10:23:30.804-0300: 10,023: Total time for which application threads were stopped: 0,0003537 seconds, Stopping threads took: 0,0000358 seconds
{Heap before GC invocations=3 (full 0):
 garbage-first heap   total 524288K, used 50688K [0x00000000e0000000, 0x00000000e0101000, 0x0000000100000000)
  region size 1024K, 34 young (34816K), 4 survivors (4096K)
 Metaspace       used 18993K, capacity 19448K, committed 19712K, reserved 1067008K
  class space    used 2290K, capacity 2433K, committed 2560K, reserved 1048576K
2020-04-28T10:23:31.217-0300: 10,436: [GC pause (G1 Evacuation Pause) (young)
Desired survivor size 2621440 bytes, new threshold 15 (max 15)
- age   1:    1352584 bytes,    1352584 total
, 0,0365359 secs]
   [Parallel Time: 29,4 ms, GC Workers: 2]
      [GC Worker Start (ms): Min: 10435,8, Avg: 10436,5, Max: 10437,2, Diff: 1,4]
      [Ext Root Scanning (ms): Min: 0,6, Avg: 5,6, Max: 10,5, Diff: 9,8, Sum: 11,1]
      [Update RS (ms): Min: 0,6, Avg: 8,5, Max: 16,5, Diff: 16,0, Sum: 17,1]
         [Processed Buffers: Min: 4, Avg: 5,0, Max: 6, Diff: 2, Sum: 10]
      [Scan RS (ms): Min: 0,0, Avg: 2,0, Max: 4,0, Diff: 4,0, Sum: 4,0]
      [Code Root Scanning (ms): Min: 0,0, Avg: 0,2, Max: 0,3, Diff: 0,3, Sum: 0,3]
      [Object Copy (ms): Min: 8,2, Avg: 9,8, Max: 11,3, Diff: 3,1, Sum: 19,5]
      [Termination (ms): Min: 0,0, Avg: 0,5, Max: 1,0, Diff: 1,0, Sum: 1,0]
         [Termination Attempts: Min: 1, Avg: 1,0, Max: 1, Diff: 0, Sum: 2]
      [GC Worker Other (ms): Min: 0,0, Avg: 0,0, Max: 0,0, Diff: 0,0, Sum: 0,0]
      [GC Worker Total (ms): Min: 25,4, Avg: 26,6, Max: 27,7, Diff: 2,3, Sum: 53,2]
      [GC Worker End (ms): Min: 10462,6, Avg: 10463,1, Max: 10463,5, Diff: 0,9]
   [Code Root Fixup: 0,0 ms]
   [Code Root Purge: 0,0 ms]
   [Clear CT: 0,1 ms]
   [Other: 7,0 ms]
      [Choose CSet: 0,0 ms]
      [Ref Proc: 6,7 ms]
      [Ref Enq: 0,1 ms]
      [Redirty Cards: 0,0 ms]
      [Humongous Register: 0,0 ms]
      [Humongous Reclaim: 0,0 ms]
      [Free CSet: 0,0 ms]
   [Eden: 30,0M(30,0M)->0,0B(255,0M) Survivors: 4096,0K->5120,0K Heap: 49,5M(512,0M)->20,0M(512,0M)]
Heap after GC invocations=4 (full 0):
 garbage-first heap   total 524288K, used 20480K [0x00000000e0000000, 0x00000000e0101000, 0x0000000100000000)
  region size 1024K, 5 young (5120K), 5 survivors (5120K)
 Metaspace       used 18993K, capacity 19448K, committed 19712K, reserved 1067008K
  class space    used 2290K, capacity 2433K, committed 2560K, reserved 1048576K
}
 [Times: user=0,02 sys=0,01, real=0,03 secs] 
2020-04-28T10:23:31.254-0300: 10,472: Total time for which application threads were stopped: 0,0369020 seconds, Stopping threads took: 0,0000330 seconds
2020-04-28T10:23:31.263-0300: 10,482: Total time for which application threads were stopped: 0,0025598 seconds, Stopping threads took: 0,0024451 seconds
2020-04-28T10:23:31.263-0300: 10,482: Total time for which application threads were stopped: 0,0000838 seconds, Stopping threads took: 0,0000208 seconds
2020-04-28T10:23:31.266-0300: 10,484: Total time for which application threads were stopped: 0,0001800 seconds, Stopping threads took: 0,0000446 seconds
2020-04-28T10:23:31.266-0300: 10,485: Total time for which application threads were stopped: 0,0001082 seconds, Stopping threads took: 0,0000222 seconds
2020-04-28T10:23:31.266-0300: 10,485: Total time for which application threads were stopped: 0,0001027 seconds, Stopping threads took: 0,0000209 seconds
2020-04-28T10:23:31.266-0300: 10,485: Total time for which application threads were stopped: 0,0000994 seconds, Stopping threads took: 0,0000203 seconds
2020-04-28T10:23:31.266-0300: 10,485: Total time for which application threads were stopped: 0,0001013 seconds, Stopping threads took: 0,0000203 seconds
2020-04-28T10:23:31.266-0300: 10,485: Total time for which application threads were stopped: 0,0001589 seconds, Stopping threads took: 0,0000201 seconds
2020-04-28T10:23:31.268-0300: 10,486: Total time for which application threads were stopped: 0,0001584 seconds, Stopping threads took: 0,0000316 seconds
2020-04-28T10:23:31.268-0300: 10,487: Total time for which application threads were stopped: 0,0001626 seconds, Stopping threads took: 0,0000192 seconds
2020-04-28T10:23:31.269-0300: 10,488: Total time for which application threads were stopped: 0,0001593 seconds, Stopping threads took: 0,0000316 seconds
2020-04-28T10:23:31.270-0300: 10,489: Total time for which application threads were stopped: 0,0002016 seconds, Stopping threads took: 0,0000754 seconds
2020-04-28T10:23:31.271-0300: 10,490: Total time for which application threads were stopped: 0,0001430 seconds, Stopping threads took: 0,0000278 seconds
2020-04-28T10:23:31.272-0300: 10,491: Total time for which application threads were stopped: 0,0001677 seconds, Stopping threads took: 0,0000384 seconds
2020-04-28T10:23:31.273-0300: 10,491: Total time for which application threads were stopped: 0,0001212 seconds, Stopping threads took: 0,0000251 seconds
2020-04-28T10:23:31.273-0300: 10,492: Total time for which application threads were stopped: 0,0001211 seconds, Stopping threads took: 0,0000254 seconds
2020-04-28T10:23:31.273-0300: 10,492: Total time for which application threads were stopped: 0,0001295 seconds, Stopping threads took: 0,0000285 seconds
2020-04-28T10:23:31.274-0300: 10,493: Total time for which application threads were stopped: 0,0001271 seconds, Stopping threads took: 0,0000267 seconds
2020-04-28T10:23:31.275-0300: 10,493: Total time for which application threads were stopped: 0,0001230 seconds, Stopping threads took: 0,0000261 seconds
2020-04-28T10:23:31.275-0300: 10,494: Total time for which application threads were stopped: 0,0001205 seconds, Stopping threads took: 0,0000250 seconds
2020-04-28T10:23:31.277-0300: 10,496: Total time for which application threads were stopped: 0,0001635 seconds, Stopping threads took: 0,0000332 seconds
2020-04-28T10:23:31.408-0300: 10,627: Total time for which application threads were stopped: 0,0001558 seconds, Stopping threads took: 0,0000383 seconds
2020-04-28T10:23:32.409-0300: 11,627: Total time for which application threads were stopped: 0,0001207 seconds, Stopping threads took: 0,0000313 seconds
2020-04-28T10:23:33.409-0300: 12,628: Total time for which application threads were stopped: 0,0002245 seconds, Stopping threads took: 0,0000682 seconds
{Heap before GC invocations=4 (full 0):
 garbage-first heap   total 524288K, used 34816K [0x00000000e0000000, 0x00000000e0101000, 0x0000000100000000)
  region size 1024K, 20 young (20480K), 5 survivors (5120K)
 Metaspace       used 20602K, capacity 21032K, committed 21296K, reserved 1069056K
  class space    used 2469K, capacity 2595K, committed 2688K, reserved 1048576K
2020-04-28T10:23:33.582-0300: 12,801: [GC pause (Metadata GC Threshold) (young) (initial-mark)
Desired survivor size 17301504 bytes, new threshold 15 (max 15)
- age   1:    1190744 bytes,    1190744 total
- age   2:    1308088 bytes,    2498832 total
, 0,0095465 secs]
   [Parallel Time: 7,0 ms, GC Workers: 2]
      [GC Worker Start (ms): Min: 12800,8, Avg: 12800,8, Max: 12800,8, Diff: 0,0]
      [Ext Root Scanning (ms): Min: 1,4, Avg: 1,5, Max: 1,6, Diff: 0,3, Sum: 3,0]
      [Update RS (ms): Min: 0,6, Avg: 0,6, Max: 0,7, Diff: 0,1, Sum: 1,3]
         [Processed Buffers: Min: 3, Avg: 4,5, Max: 6, Diff: 3, Sum: 9]
      [Scan RS (ms): Min: 0,0, Avg: 0,0, Max: 0,0, Diff: 0,0, Sum: 0,0]
      [Code Root Scanning (ms): Min: 0,0, Avg: 0,1, Max: 0,2, Diff: 0,2, Sum: 0,3]
      [Object Copy (ms): Min: 4,3, Avg: 4,5, Max: 4,7, Diff: 0,4, Sum: 9,0]
      [Termination (ms): Min: 0,0, Avg: 0,0, Max: 0,0, Diff: 0,0, Sum: 0,0]
         [Termination Attempts: Min: 1, Avg: 1,0, Max: 1, Diff: 0, Sum: 2]
      [GC Worker Other (ms): Min: 0,0, Avg: 0,0, Max: 0,0, Diff: 0,0, Sum: 0,0]
      [GC Worker Total (ms): Min: 6,8, Avg: 6,8, Max: 6,8, Diff: 0,0, Sum: 13,6]
      [GC Worker End (ms): Min: 12807,6, Avg: 12807,6, Max: 12807,6, Diff: 0,0]
   [Code Root Fixup: 0,0 ms]
   [Code Root Purge: 0,0 ms]
   [Clear CT: 0,0 ms]
   [Other: 2,5 ms]
      [Choose CSet: 0,0 ms]
      [Ref Proc: 2,2 ms]
      [Ref Enq: 0,0 ms]
      [Redirty Cards: 0,0 ms]
      [Humongous Register: 0,0 ms]
      [Humongous Reclaim: 0,0 ms]
      [Free CSet: 0,0 ms]
   [Eden: 15,0M(255,0M)->0,0B(303,0M) Survivors: 5120,0K->4096,0K Heap: 35,0M(512,0M)->19,5M(512,0M)]
Heap after GC invocations=5 (full 0):
 garbage-first heap   total 524288K, used 19968K [0x00000000e0000000, 0x00000000e0101000, 0x0000000100000000)
  region size 1024K, 4 young (4096K), 4 survivors (4096K)
 Metaspace       used 20602K, capacity 21032K, committed 21296K, reserved 1069056K
  class space    used 2469K, capacity 2595K, committed 2688K, reserved 1048576K
}
 [Times: user=0,02 sys=0,00, real=0,01 secs] 
2020-04-28T10:23:33.591-0300: 12,810: [GC concurrent-root-region-scan-start]
2020-04-28T10:23:33.592-0300: 12,810: Total time for which application threads were stopped: 0,0102299 seconds, Stopping threads took: 0,0000595 seconds
2020-04-28T10:23:33.596-0300: 12,815: Total time for which application threads were stopped: 0,0001454 seconds, Stopping threads took: 0,0000401 seconds
2020-04-28T10:23:33.596-0300: 12,815: Total time for which application threads were stopped: 0,0000897 seconds, Stopping threads took: 0,0000218 seconds
2020-04-28T10:23:33.596-0300: 12,815: Total time for which application threads were stopped: 0,0000847 seconds, Stopping threads took: 0,0000207 seconds
2020-04-28T10:23:33.596-0300: 12,815: Total time for which application threads were stopped: 0,0000831 seconds, Stopping threads took: 0,0000204 seconds
2020-04-28T10:23:33.596-0300: 12,815: [GC concurrent-root-region-scan-end, 0,0049983 secs]
2020-04-28T10:23:33.596-0300: 12,815: [GC concurrent-mark-start]
2020-04-28T10:23:33.597-0300: 12,815: Total time for which application threads were stopped: 0,0000824 seconds, Stopping threads took: 0,0000194 seconds
2020-04-28T10:23:33.597-0300: 12,815: Total time for which application threads were stopped: 0,0000761 seconds, Stopping threads took: 0,0000148 seconds
2020-04-28T10:23:33.597-0300: 12,816: Total time for which application threads were stopped: 0,0001715 seconds, Stopping threads took: 0,0001066 seconds
2020-04-28T10:23:33.597-0300: 12,816: Total time for which application threads were stopped: 0,0000825 seconds, Stopping threads took: 0,0000217 seconds
2020-04-28T10:23:33.597-0300: 12,816: Total time for which application threads were stopped: 0,0001318 seconds, Stopping threads took: 0,0000667 seconds
2020-04-28T10:23:33.597-0300: 12,816: Total time for which application threads were stopped: 0,0001539 seconds, Stopping threads took: 0,0000883 seconds
2020-04-28T10:23:33.597-0300: 12,816: Total time for which application threads were stopped: 0,0001245 seconds, Stopping threads took: 0,0000630 seconds
2020-04-28T10:23:33.598-0300: 12,817: Total time for which application threads were stopped: 0,0000903 seconds, Stopping threads took: 0,0000240 seconds
2020-04-28T10:23:33.598-0300: 12,817: Total time for which application threads were stopped: 0,0001056 seconds, Stopping threads took: 0,0000398 seconds
2020-04-28T10:23:33.598-0300: 12,817: Total time for which application threads were stopped: 0,0000851 seconds, Stopping threads took: 0,0000198 seconds
2020-04-28T10:23:33.598-0300: 12,817: Total time for which application threads were stopped: 0,0000825 seconds, Stopping threads took: 0,0000159 seconds
2020-04-28T10:23:33.598-0300: 12,817: Total time for which application threads were stopped: 0,0000787 seconds, Stopping threads took: 0,0000150 seconds
2020-04-28T10:23:33.679-0300: 12,898: [GC concurrent-mark-end, 0,0822326 secs]
2020-04-28T10:23:33.679-0300: 12,898: [GC remark 2020-04-28T10:23:33.679-0300: 12,898: [Finalize Marking, 0,0002556 secs] 2020-04-28T10:23:33.679-0300: 12,898: [GC ref-proc, 0,0060846 secs] 2020-04-28T10:23:33.685-0300: 12,904: [Unloading, 0,0092541 secs], 0,0162765 secs]
 [Times: user=0,01 sys=0,01, real=0,02 secs] 
2020-04-28T10:23:33.695-0300: 12,914: Total time for which application threads were stopped: 0,0164247 seconds, Stopping threads took: 0,0000364 seconds
2020-04-28T10:23:33.695-0300: 12,914: [GC cleanup 20M->19M(512M), 0,0041125 secs]
 [Times: user=0,00 sys=0,00, real=0,00 secs] 
2020-04-28T10:23:33.700-0300: 12,918: Total time for which application threads were stopped: 0,0042563 seconds, Stopping threads took: 0,0000300 seconds
2020-04-28T10:23:33.700-0300: 12,918: [GC concurrent-cleanup-start]
2020-04-28T10:23:33.700-0300: 12,918: [GC concurrent-cleanup-end, 0,0000127 secs]
2020-04-28T10:23:34.700-0300: 13,919: Total time for which application threads were stopped: 0,0002329 seconds, Stopping threads took: 0,0000660 seconds
2020-04-28T10:23:35.700-0300: 14,919: Total time for which application threads were stopped: 0,0002885 seconds, Stopping threads took: 0,0002097 seconds
2020-04-28T10:23:36.456-0300: 15,675: Total time for which application threads were stopped: 0,0004246 seconds, Stopping threads took: 0,0000650 seconds
2020-04-28T10:23:36.480-0300: 15,699: Total time for which application threads were stopped: 0,0003566 seconds, Stopping threads took: 0,0000347 seconds
2020-04-28T10:23:36.481-0300: 15,700: Total time for which application threads were stopped: 0,0003572 seconds, Stopping threads took: 0,0000343 seconds
2020-04-28T10:23:37.071-0300: 16,290: Total time for which application threads were stopped: 0,0003144 seconds, Stopping threads took: 0,0001453 seconds
2020-04-28T10:23:38.072-0300: 17,291: Total time for which application threads were stopped: 0,0001971 seconds, Stopping threads took: 0,0000620 seconds
2020-04-28T10:23:38.116-0300: 17,334: Total time for which application threads were stopped: 0,0004851 seconds, Stopping threads took: 0,0000359 seconds
2020-04-28T10:23:38.985-0300: 18,204: Total time for which application threads were stopped: 0,0001834 seconds, Stopping threads took: 0,0000334 seconds
2020-04-28T10:23:38.986-0300: 18,205: Total time for which application threads were stopped: 0,0001349 seconds, Stopping threads took: 0,0000280 seconds
2020-04-28T10:23:38.986-0300: 18,205: Total time for which application threads were stopped: 0,0000910 seconds, Stopping threads took: 0,0000163 seconds
2020-04-28T10:23:38.986-0300: 18,205: Total time for which application threads were stopped: 0,0001043 seconds, Stopping threads took: 0,0000294 seconds
2020-04-28T10:23:38.987-0300: 18,206: Total time for which application threads were stopped: 0,0001354 seconds, Stopping threads took: 0,0000269 seconds
2020-04-28T10:23:38.988-0300: 18,207: Total time for which application threads were stopped: 0,0001374 seconds, Stopping threads took: 0,0000278 seconds
2020-04-28T10:23:38.990-0300: 18,209: Total time for which application threads were stopped: 0,0001453 seconds, Stopping threads took: 0,0000299 seconds
2020-04-28T10:23:38.990-0300: 18,209: Total time for which application threads were stopped: 0,0000940 seconds, Stopping threads took: 0,0000164 seconds
2020-04-28T10:23:38.991-0300: 18,210: Total time for which application threads were stopped: 0,0001277 seconds, Stopping threads took: 0,0000234 seconds
2020-04-28T10:23:38.993-0300: 18,212: Total time for which application threads were stopped: 0,0001513 seconds, Stopping threads took: 0,0000321 seconds
2020-04-28T10:23:38.993-0300: 18,212: Total time for which application threads were stopped: 0,0000899 seconds, Stopping threads took: 0,0000158 seconds
2020-04-28T10:23:38.993-0300: 18,212: Total time for which application threads were stopped: 0,0000851 seconds, Stopping threads took: 0,0000151 seconds
2020-04-28T10:23:38.994-0300: 18,212: Total time for which application threads were stopped: 0,0000857 seconds, Stopping threads took: 0,0000151 seconds
2020-04-28T10:23:38.994-0300: 18,212: Total time for which application threads were stopped: 0,0000850 seconds, Stopping threads took: 0,0000148 seconds
2020-04-28T10:23:38.994-0300: 18,213: Total time for which application threads were stopped: 0,0000881 seconds, Stopping threads took: 0,0000152 seconds
2020-04-28T10:23:38.994-0300: 18,213: Total time for which application threads were stopped: 0,0000861 seconds, Stopping threads took: 0,0000151 seconds
2020-04-28T10:23:38.995-0300: 18,214: Total time for which application threads were stopped: 0,0001505 seconds, Stopping threads took: 0,0000304 seconds
2020-04-28T10:23:38.996-0300: 18,215: Total time for which application threads were stopped: 0,0001011 seconds, Stopping threads took: 0,0000185 seconds
2020-04-28T10:23:38.996-0300: 18,215: Total time for which application threads were stopped: 0,0000874 seconds, Stopping threads took: 0,0000150 seconds
2020-04-28T10:23:38.996-0300: 18,215: Total time for which application threads were stopped: 0,0000847 seconds, Stopping threads took: 0,0000148 seconds
2020-04-28T10:23:38.996-0300: 18,215: Total time for which application threads were stopped: 0,0000920 seconds, Stopping threads took: 0,0000154 seconds
2020-04-28T10:23:38.997-0300: 18,215: Total time for which application threads were stopped: 0,0001964 seconds, Stopping threads took: 0,0000207 seconds
2020-04-28T10:23:38.997-0300: 18,216: Total time for which application threads were stopped: 0,0001300 seconds, Stopping threads took: 0,0000243 seconds
2020-04-28T10:23:38.998-0300: 18,216: Total time for which application threads were stopped: 0,0001243 seconds, Stopping threads took: 0,0000227 seconds
2020-04-28T10:23:38.998-0300: 18,216: Total time for which application threads were stopped: 0,0000934 seconds, Stopping threads took: 0,0000160 seconds
2020-04-28T10:23:38.998-0300: 18,217: Total time for which application threads were stopped: 0,0000919 seconds, Stopping threads took: 0,0000159 seconds
2020-04-28T10:23:38.998-0300: 18,217: Total time for which application threads were stopped: 0,0000989 seconds, Stopping threads took: 0,0000183 seconds
2020-04-28T10:23:38.998-0300: 18,217: Total time for which application threads were stopped: 0,0000884 seconds, Stopping threads took: 0,0000146 seconds
2020-04-28T10:23:38.998-0300: 18,217: Total time for which application threads were stopped: 0,0000900 seconds, Stopping threads took: 0,0000157 seconds
2020-04-28T10:23:38.999-0300: 18,217: Total time for which application threads were stopped: 0,0001145 seconds, Stopping threads took: 0,0000208 seconds
2020-04-28T10:23:39.000-0300: 18,219: Total time for which application threads were stopped: 0,0001643 seconds, Stopping threads took: 0,0000362 seconds
2020-04-28T10:23:39.001-0300: 18,220: Total time for which application threads were stopped: 0,0001172 seconds, Stopping threads took: 0,0000242 seconds
2020-04-28T10:23:39.003-0300: 18,222: Total time for which application threads were stopped: 0,0001185 seconds, Stopping threads took: 0,0000329 seconds
2020-04-28T10:23:39.003-0300: 18,222: Total time for which application threads were stopped: 0,0000633 seconds, Stopping threads took: 0,0000164 seconds
2020-04-28T10:23:39.003-0300: 18,222: Total time for which application threads were stopped: 0,0000596 seconds, Stopping threads took: 0,0000149 seconds
2020-04-28T10:23:39.003-0300: 18,222: Total time for which application threads were stopped: 0,0000603 seconds, Stopping threads took: 0,0000150 seconds
2020-04-28T10:23:39.004-0300: 18,222: Total time for which application threads were stopped: 0,0000593 seconds, Stopping threads took: 0,0000146 seconds
2020-04-28T10:23:39.004-0300: 18,222: Total time for which application threads were stopped: 0,0000588 seconds, Stopping threads took: 0,0000145 seconds
2020-04-28T10:23:39.004-0300: 18,223: Total time for which application threads were stopped: 0,0000587 seconds, Stopping threads took: 0,0000148 seconds
2020-04-28T10:23:39.004-0300: 18,223: Total time for which application threads were stopped: 0,0000584 seconds, Stopping threads took: 0,0000144 seconds
2020-04-28T10:23:39.004-0300: 18,223: Total time for which application threads were stopped: 0,0000584 seconds, Stopping threads took: 0,0000144 seconds
2020-04-28T10:23:39.004-0300: 18,223: Total time for which application threads were stopped: 0,0000591 seconds, Stopping threads took: 0,0000147 seconds
2020-04-28T10:23:39.004-0300: 18,223: Total time for which application threads were stopped: 0,0000587 seconds, Stopping threads took: 0,0000146 seconds
2020-04-28T10:23:39.004-0300: 18,223: Total time for which application threads were stopped: 0,0000584 seconds, Stopping threads took: 0,0000146 seconds
2020-04-28T10:23:39.004-0300: 18,223: Total time for which application threads were stopped: 0,0000623 seconds, Stopping threads took: 0,0000158 seconds
2020-04-28T10:23:39.004-0300: 18,223: Total time for which application threads were stopped: 0,0000587 seconds, Stopping threads took: 0,0000145 seconds
2020-04-28T10:23:39.004-0300: 18,223: Total time for which application threads were stopped: 0,0000670 seconds, Stopping threads took: 0,0000145 seconds
2020-04-28T10:23:39.005-0300: 18,223: Total time for which application threads were stopped: 0,0000609 seconds, Stopping threads took: 0,0000154 seconds
2020-04-28T10:23:39.005-0300: 18,223: Total time for which application threads were stopped: 0,0000590 seconds, Stopping threads took: 0,0000148 seconds
2020-04-28T10:23:39.005-0300: 18,224: Total time for which application threads were stopped: 0,0000580 seconds, Stopping threads took: 0,0000144 seconds
2020-04-28T10:23:39.005-0300: 18,224: Total time for which application threads were stopped: 0,0000584 seconds, Stopping threads took: 0,0000146 seconds
2020-04-28T10:23:39.005-0300: 18,224: Total time for which application threads were stopped: 0,0001649 seconds, Stopping threads took: 0,0000144 seconds
2020-04-28T10:23:39.037-0300: 18,255: Total time for which application threads were stopped: 0,0004129 seconds, Stopping threads took: 0,0000345 seconds
2020-04-28T10:23:39.222-0300: 18,441: Total time for which application threads were stopped: 0,0002365 seconds, Stopping threads took: 0,0000521 seconds
2020-04-28T10:23:39.287-0300: 18,506: Total time for which application threads were stopped: 0,0004103 seconds, Stopping threads took: 0,0000340 seconds
2020-04-28T10:23:40.117-0300: 19,336: Total time for which application threads were stopped: 0,0001745 seconds, Stopping threads took: 0,0000440 seconds
2020-04-28T10:23:40.269-0300: 19,488: Total time for which application threads were stopped: 0,0001655 seconds, Stopping threads took: 0,0000392 seconds
2020-04-28T10:23:40.280-0300: 19,498: Total time for which application threads were stopped: 0,0001636 seconds, Stopping threads took: 0,0000376 seconds
2020-04-28T10:23:40.563-0300: 19,782: Total time for which application threads were stopped: 0,0001663 seconds, Stopping threads took: 0,0000326 seconds
2020-04-28T10:23:41.459-0300: 20,678: Total time for which application threads were stopped: 0,0004793 seconds, Stopping threads took: 0,0000528 seconds
2020-04-28T10:23:42.460-0300: 21,678: Total time for which application threads were stopped: 0,0002056 seconds, Stopping threads took: 0,0000494 seconds
2020-04-28T10:23:43.460-0300: 22,679: Total time for which application threads were stopped: 0,0001581 seconds, Stopping threads took: 0,0000411 seconds
2020-04-28T10:23:43.840-0300: 23,059: Total time for which application threads were stopped: 0,0073184 seconds, Stopping threads took: 0,0071394 seconds
2020-04-28T10:23:43.842-0300: 23,060: Total time for which application threads were stopped: 0,0001744 seconds, Stopping threads took: 0,0000348 seconds
2020-04-28T10:23:43.847-0300: 23,066: Total time for which application threads were stopped: 0,0009222 seconds, Stopping threads took: 0,0007270 seconds
2020-04-28T10:23:43.848-0300: 23,067: Total time for which application threads were stopped: 0,0001693 seconds, Stopping threads took: 0,0000441 seconds
2020-04-28T10:23:43.856-0300: 23,075: Total time for which application threads were stopped: 0,0001950 seconds, Stopping threads took: 0,0000457 seconds
2020-04-28T10:23:43.857-0300: 23,076: Total time for which application threads were stopped: 0,0001769 seconds, Stopping threads took: 0,0000749 seconds
2020-04-28T10:23:43.857-0300: 23,076: Total time for which application threads were stopped: 0,0001080 seconds, Stopping threads took: 0,0000228 seconds
2020-04-28T10:23:43.859-0300: 23,078: Total time for which application threads were stopped: 0,0001941 seconds, Stopping threads took: 0,0000833 seconds
2020-04-28T10:23:43.859-0300: 23,078: Total time for which application threads were stopped: 0,0001235 seconds, Stopping threads took: 0,0000544 seconds
2020-04-28T10:23:43.859-0300: 23,078: Total time for which application threads were stopped: 0,0001336 seconds, Stopping threads took: 0,0000613 seconds
2020-04-28T10:23:43.859-0300: 23,078: Total time for which application threads were stopped: 0,0001137 seconds, Stopping threads took: 0,0000369 seconds
2020-04-28T10:23:43.860-0300: 23,079: Total time for which application threads were stopped: 0,0001409 seconds, Stopping threads took: 0,0000344 seconds
2020-04-28T10:23:43.860-0300: 23,079: Total time for which application threads were stopped: 0,0002911 seconds, Stopping threads took: 0,0001698 seconds
2020-04-28T10:23:43.861-0300: 23,079: Total time for which application threads were stopped: 0,0001234 seconds, Stopping threads took: 0,0000396 seconds
2020-04-28T10:23:43.861-0300: 23,080: Total time for which application threads were stopped: 0,0001176 seconds, Stopping threads took: 0,0000403 seconds
2020-04-28T10:23:43.861-0300: 23,080: Total time for which application threads were stopped: 0,0000931 seconds, Stopping threads took: 0,0000181 seconds
2020-04-28T10:23:43.864-0300: 23,083: Total time for which application threads were stopped: 0,0001785 seconds, Stopping threads took: 0,0000576 seconds
2020-04-28T10:23:43.864-0300: 23,083: Total time for which application threads were stopped: 0,0001060 seconds, Stopping threads took: 0,0000251 seconds
2020-04-28T10:23:43.864-0300: 23,083: Total time for which application threads were stopped: 0,0001514 seconds, Stopping threads took: 0,0000620 seconds
2020-04-28T10:23:44.034-0300: 23,252: Total time for which application threads were stopped: 0,0001825 seconds, Stopping threads took: 0,0000383 seconds
2020-04-28T10:23:44.036-0300: 23,255: Total time for which application threads were stopped: 0,0001799 seconds, Stopping threads took: 0,0000374 seconds
2020-04-28T10:23:44.116-0300: 23,335: Total time for which application threads were stopped: 0,0002219 seconds, Stopping threads took: 0,0000609 seconds
2020-04-28T10:23:44.119-0300: 23,338: Total time for which application threads were stopped: 0,0001928 seconds, Stopping threads took: 0,0000628 seconds
2020-04-28T10:23:44.119-0300: 23,338: Total time for which application threads were stopped: 0,0001262 seconds, Stopping threads took: 0,0000416 seconds
2020-04-28T10:23:44.120-0300: 23,339: Total time for which application threads were stopped: 0,0001982 seconds, Stopping threads took: 0,0000525 seconds
2020-04-28T10:23:44.322-0300: 23,541: Total time for which application threads were stopped: 0,0002692 seconds, Stopping threads took: 0,0000821 seconds
2020-04-28T10:23:44.344-0300: 23,563: Total time for which application threads were stopped: 0,0016368 seconds, Stopping threads took: 0,0014773 seconds
2020-04-28T10:23:44.349-0300: 23,568: Total time for which application threads were stopped: 0,0007545 seconds, Stopping threads took: 0,0005829 seconds
2020-04-28T10:23:44.378-0300: 23,596: Total time for which application threads were stopped: 0,0054688 seconds, Stopping threads took: 0,0053141 seconds
2020-04-28T10:23:44.409-0300: 23,628: Total time for which application threads were stopped: 0,0030003 seconds, Stopping threads took: 0,0028403 seconds
2020-04-28T10:23:44.419-0300: 23,638: Total time for which application threads were stopped: 0,0073467 seconds, Stopping threads took: 0,0071748 seconds
2020-04-28T10:23:44.454-0300: 23,673: Total time for which application threads were stopped: 0,0090209 seconds, Stopping threads took: 0,0088432 seconds
2020-04-28T10:23:44.502-0300: 23,721: Total time for which application threads were stopped: 0,0063158 seconds, Stopping threads took: 0,0058428 seconds
2020-04-28T10:23:44.538-0300: 23,757: Total time for which application threads were stopped: 0,0013691 seconds, Stopping threads took: 0,0012200 seconds
2020-04-28T10:23:44.538-0300: 23,757: Total time for which application threads were stopped: 0,0001141 seconds, Stopping threads took: 0,0000225 seconds
2020-04-28T10:23:44.538-0300: 23,757: Total time for which application threads were stopped: 0,0002912 seconds, Stopping threads took: 0,0000159 seconds
2020-04-28T10:23:44.540-0300: 23,759: Total time for which application threads were stopped: 0,0001747 seconds, Stopping threads took: 0,0000353 seconds
2020-04-28T10:23:44.540-0300: 23,759: Total time for which application threads were stopped: 0,0001038 seconds, Stopping threads took: 0,0000166 seconds
2020-04-28T10:23:44.568-0300: 23,787: Total time for which application threads were stopped: 0,0001873 seconds, Stopping threads took: 0,0000367 seconds
2020-04-28T10:23:44.640-0300: 23,859: Total time for which application threads were stopped: 0,0001973 seconds, Stopping threads took: 0,0000663 seconds
2020-04-28T10:23:44.643-0300: 23,861: Total time for which application threads were stopped: 0,0003558 seconds, Stopping threads took: 0,0001946 seconds
2020-04-28T10:23:44.644-0300: 23,863: Total time for which application threads were stopped: 0,0002076 seconds, Stopping threads took: 0,0000396 seconds
2020-04-28T10:23:44.648-0300: 23,867: Total time for which application threads were stopped: 0,0039531 seconds, Stopping threads took: 0,0036498 seconds
2020-04-28T10:23:44.670-0300: 23,889: Total time for which application threads were stopped: 0,0047828 seconds, Stopping threads took: 0,0044869 seconds
2020-04-28T10:23:44.954-0300: 24,173: Total time for which application threads were stopped: 0,0004773 seconds, Stopping threads took: 0,0003464 seconds
2020-04-28T10:23:44.955-0300: 24,174: Total time for which application threads were stopped: 0,0001394 seconds, Stopping threads took: 0,0000345 seconds
2020-04-28T10:23:44.963-0300: 24,182: Total time for which application threads were stopped: 0,0045070 seconds, Stopping threads took: 0,0043876 seconds
2020-04-28T10:23:44.964-0300: 24,182: Total time for which application threads were stopped: 0,0008064 seconds, Stopping threads took: 0,0007411 seconds
2020-04-28T10:23:45.052-0300: 24,271: Total time for which application threads were stopped: 0,0001896 seconds, Stopping threads took: 0,0000510 seconds
2020-04-28T10:23:45.052-0300: 24,271: Total time for which application threads were stopped: 0,0002683 seconds, Stopping threads took: 0,0000249 seconds
2020-04-28T10:23:45.053-0300: 24,272: Total time for which application threads were stopped: 0,0001069 seconds, Stopping threads took: 0,0000314 seconds
2020-04-28T10:23:45.071-0300: 24,290: Total time for which application threads were stopped: 0,0001282 seconds, Stopping threads took: 0,0000374 seconds
2020-04-28T10:23:45.098-0300: 24,317: Total time for which application threads were stopped: 0,0001290 seconds, Stopping threads took: 0,0000375 seconds
2020-04-28T10:23:45.539-0300: 24,757: Total time for which application threads were stopped: 0,0001915 seconds, Stopping threads took: 0,0000467 seconds
2020-04-28T10:23:46.152-0300: 25,371: Total time for which application threads were stopped: 0,0001459 seconds, Stopping threads took: 0,0000352 seconds
2020-04-28T10:23:46.774-0300: 25,993: Total time for which application threads were stopped: 0,0001318 seconds, Stopping threads took: 0,0000364 seconds
2020-04-28T10:23:46.806-0300: 26,025: Total time for which application threads were stopped: 0,0001290 seconds, Stopping threads took: 0,0000372 seconds
2020-04-28T10:23:47.237-0300: 26,456: Total time for which application threads were stopped: 0,0001222 seconds, Stopping threads took: 0,0000372 seconds
2020-04-28T10:23:47.263-0300: 26,482: Total time for which application threads were stopped: 0,0001951 seconds, Stopping threads took: 0,0001015 seconds
2020-04-28T10:23:47.264-0300: 26,483: Total time for which application threads were stopped: 0,0000965 seconds, Stopping threads took: 0,0000271 seconds
2020-04-28T10:23:47.476-0300: 26,695: Total time for which application threads were stopped: 0,0001613 seconds, Stopping threads took: 0,0000624 seconds
2020-04-28T10:23:47.486-0300: 26,705: Total time for which application threads were stopped: 0,0001394 seconds, Stopping threads took: 0,0000477 seconds
2020-04-28T10:23:47.819-0300: 27,038: Total time for which application threads were stopped: 0,0011197 seconds, Stopping threads took: 0,0010027 seconds
2020-04-28T10:23:47.837-0300: 27,056: Total time for which application threads were stopped: 0,0001467 seconds, Stopping threads took: 0,0000488 seconds
2020-04-28T10:23:47.846-0300: 27,065: Total time for which application threads were stopped: 0,0001857 seconds, Stopping threads took: 0,0000775 seconds
2020-04-28T10:23:47.847-0300: 27,066: Total time for which application threads were stopped: 0,0001400 seconds, Stopping threads took: 0,0000593 seconds
2020-04-28T10:23:47.866-0300: 27,084: Total time for which application threads were stopped: 0,0001703 seconds, Stopping threads took: 0,0000703 seconds
2020-04-28T10:23:47.868-0300: 27,087: Total time for which application threads were stopped: 0,0002349 seconds, Stopping threads took: 0,0001412 seconds
2020-04-28T10:23:48.817-0300: 28,035: Total time for which application threads were stopped: 0,0005694 seconds, Stopping threads took: 0,0000461 seconds
2020-04-28T10:23:48.929-0300: 28,148: Total time for which application threads were stopped: 0,0005441 seconds, Stopping threads took: 0,0000560 seconds
2020-04-28T10:23:49.274-0300: 28,493: Total time for which application threads were stopped: 0,0001560 seconds, Stopping threads took: 0,0000475 seconds
2020-04-28T10:23:49.324-0300: 28,542: Total time for which application threads were stopped: 0,0001789 seconds, Stopping threads took: 0,0000394 seconds
2020-04-28T10:23:49.325-0300: 28,544: Total time for which application threads were stopped: 0,0001109 seconds, Stopping threads took: 0,0000310 seconds
2020-04-28T10:23:49.890-0300: 29,108: Total time for which application threads were stopped: 0,0002351 seconds, Stopping threads took: 0,0001010 seconds
2020-04-28T10:23:49.970-0300: 29,189: Total time for which application threads were stopped: 0,0001927 seconds, Stopping threads took: 0,0000869 seconds
2020-04-28T10:23:49.971-0300: 29,190: Total time for which application threads were stopped: 0,0001332 seconds, Stopping threads took: 0,0000548 seconds
2020-04-28T10:23:50.555-0300: 29,774: Total time for which application threads were stopped: 0,0001402 seconds, Stopping threads took: 0,0000452 seconds
2020-04-28T10:23:50.561-0300: 29,780: Total time for which application threads were stopped: 0,0001258 seconds, Stopping threads took: 0,0000380 seconds
2020-04-28T10:23:50.566-0300: 29,785: Total time for which application threads were stopped: 0,0002193 seconds, Stopping threads took: 0,0000370 seconds
2020-04-28T10:23:50.566-0300: 29,785: Total time for which application threads were stopped: 0,0001006 seconds, Stopping threads took: 0,0000290 seconds
2020-04-28T10:23:50.567-0300: 29,785: Total time for which application threads were stopped: 0,0000693 seconds, Stopping threads took: 0,0000191 seconds
2020-04-28T10:23:50.569-0300: 29,787: Total time for which application threads were stopped: 0,0001315 seconds, Stopping threads took: 0,0000403 seconds
2020-04-28T10:23:50.569-0300: 29,788: Total time for which application threads were stopped: 0,0001380 seconds, Stopping threads took: 0,0000547 seconds
2020-04-28T10:23:50.570-0300: 29,789: Total time for which application threads were stopped: 0,0002502 seconds, Stopping threads took: 0,0000253 seconds
2020-04-28T10:23:50.574-0300: 29,793: Total time for which application threads were stopped: 0,0001244 seconds, Stopping threads took: 0,0000368 seconds
2020-04-28T10:23:50.574-0300: 29,793: Total time for which application threads were stopped: 0,0000649 seconds, Stopping threads took: 0,0000173 seconds
2020-04-28T10:23:50.574-0300: 29,793: Total time for which application threads were stopped: 0,0000612 seconds, Stopping threads took: 0,0000160 seconds
2020-04-28T10:23:50.577-0300: 29,796: Total time for which application threads were stopped: 0,0016764 seconds, Stopping threads took: 0,0015008 seconds
2020-04-28T10:23:50.809-0300: 30,028: Total time for which application threads were stopped: 0,0001558 seconds, Stopping threads took: 0,0000440 seconds
2020-04-28T10:23:50.816-0300: 30,034: Total time for which application threads were stopped: 0,0007210 seconds, Stopping threads took: 0,0003770 seconds
2020-04-28T10:23:50.819-0300: 30,038: Total time for which application threads were stopped: 0,0009894 seconds, Stopping threads took: 0,0008769 seconds
2020-04-28T10:23:50.820-0300: 30,038: Total time for which application threads were stopped: 0,0001781 seconds, Stopping threads took: 0,0001130 seconds
2020-04-28T10:23:50.820-0300: 30,039: Total time for which application threads were stopped: 0,0000817 seconds, Stopping threads took: 0,0000209 seconds
2020-04-28T10:23:50.822-0300: 30,040: Total time for which application threads were stopped: 0,0001386 seconds, Stopping threads took: 0,0000357 seconds
2020-04-28T10:23:50.822-0300: 30,041: Total time for which application threads were stopped: 0,0001254 seconds, Stopping threads took: 0,0000653 seconds
2020-04-28T10:23:50.824-0300: 30,043: Total time for which application threads were stopped: 0,0010670 seconds, Stopping threads took: 0,0002482 seconds
2020-04-28T10:23:50.825-0300: 30,044: Total time for which application threads were stopped: 0,0008704 seconds, Stopping threads took: 0,0001202 seconds
2020-04-28T10:23:50.826-0300: 30,045: Total time for which application threads were stopped: 0,0007436 seconds, Stopping threads took: 0,0000724 seconds
2020-04-28T10:23:50.827-0300: 30,046: Total time for which application threads were stopped: 0,0001108 seconds, Stopping threads took: 0,0000275 seconds
2020-04-28T10:23:50.828-0300: 30,047: Total time for which application threads were stopped: 0,0004257 seconds, Stopping threads took: 0,0001627 seconds
2020-04-28T10:23:50.829-0300: 30,048: Total time for which application threads were stopped: 0,0015612 seconds, Stopping threads took: 0,0014364 seconds
2020-04-28T10:23:50.831-0300: 30,050: Total time for which application threads were stopped: 0,0005249 seconds, Stopping threads took: 0,0003962 seconds
2020-04-28T10:23:50.831-0300: 30,050: Total time for which application threads were stopped: 0,0000989 seconds, Stopping threads took: 0,0000426 seconds
2020-04-28T10:23:50.831-0300: 30,050: Total time for which application threads were stopped: 0,0001152 seconds, Stopping threads took: 0,0000437 seconds
2020-04-28T10:23:50.831-0300: 30,050: Total time for which application threads were stopped: 0,0002389 seconds, Stopping threads took: 0,0000379 seconds
2020-04-28T10:23:50.997-0300: 30,216: Total time for which application threads were stopped: 0,0166235 seconds, Stopping threads took: 0,0160487 seconds
2020-04-28T10:23:51.042-0300: 30,261: Total time for which application threads were stopped: 0,0005467 seconds, Stopping threads took: 0,0000649 seconds
2020-04-28T10:23:51.094-0300: 30,313: Total time for which application threads were stopped: 0,0027049 seconds, Stopping threads took: 0,0025686 seconds
2020-04-28T10:23:51.097-0300: 30,316: Total time for which application threads were stopped: 0,0022858 seconds, Stopping threads took: 0,0021515 seconds
2020-04-28T10:23:51.108-0300: 30,326: Total time for which application threads were stopped: 0,0001701 seconds, Stopping threads took: 0,0000595 seconds
2020-04-28T10:23:51.158-0300: 30,377: Total time for which application threads were stopped: 0,0014490 seconds, Stopping threads took: 0,0013498 seconds
2020-04-28T10:23:51.175-0300: 30,393: Total time for which application threads were stopped: 0,0044305 seconds, Stopping threads took: 0,0043111 seconds
2020-04-28T10:23:51.176-0300: 30,395: Total time for which application threads were stopped: 0,0006373 seconds, Stopping threads took: 0,0005333 seconds
2020-04-28T10:23:51.177-0300: 30,395: Total time for which application threads were stopped: 0,0001978 seconds, Stopping threads took: 0,0000915 seconds
2020-04-28T10:23:51.177-0300: 30,396: Total time for which application threads were stopped: 0,0001272 seconds, Stopping threads took: 0,0000495 seconds
2020-04-28T10:23:51.223-0300: 30,442: Total time for which application threads were stopped: 0,0055242 seconds, Stopping threads took: 0,0053690 seconds
2020-04-28T10:23:51.250-0300: 30,469: Total time for which application threads were stopped: 0,0005395 seconds, Stopping threads took: 0,0004260 seconds
2020-04-28T10:23:51.254-0300: 30,473: Total time for which application threads were stopped: 0,0030781 seconds, Stopping threads took: 0,0029387 seconds
2020-04-28T10:23:51.256-0300: 30,475: Total time for which application threads were stopped: 0,0001782 seconds, Stopping threads took: 0,0000641 seconds
2020-04-28T10:23:51.263-0300: 30,482: Total time for which application threads were stopped: 0,0001866 seconds, Stopping threads took: 0,0000672 seconds
2020-04-28T10:23:51.376-0300: 30,595: Total time for which application threads were stopped: 0,0004503 seconds, Stopping threads took: 0,0001593 seconds
2020-04-28T10:23:51.392-0300: 30,611: Total time for which application threads were stopped: 0,0001626 seconds, Stopping threads took: 0,0000635 seconds
2020-04-28T10:23:51.392-0300: 30,611: Total time for which application threads were stopped: 0,0000875 seconds, Stopping threads took: 0,0000350 seconds
2020-04-28T10:23:51.393-0300: 30,612: Total time for which application threads were stopped: 0,0001098 seconds, Stopping threads took: 0,0000422 seconds
2020-04-28T10:23:51.465-0300: 30,684: Total time for which application threads were stopped: 0,0002172 seconds, Stopping threads took: 0,0000542 seconds
2020-04-28T10:23:51.466-0300: 30,684: Total time for which application threads were stopped: 0,0001332 seconds, Stopping threads took: 0,0000323 seconds
2020-04-28T10:23:51.466-0300: 30,685: Total time for which application threads were stopped: 0,0001157 seconds, Stopping threads took: 0,0000303 seconds
2020-04-28T10:23:51.466-0300: 30,685: Total time for which application threads were stopped: 0,0001230 seconds, Stopping threads took: 0,0000202 seconds
2020-04-28T10:23:51.467-0300: 30,686: Total time for which application threads were stopped: 0,0001469 seconds, Stopping threads took: 0,0000423 seconds
2020-04-28T10:23:51.467-0300: 30,686: Total time for which application threads were stopped: 0,0001216 seconds, Stopping threads took: 0,0000273 seconds
2020-04-28T10:23:51.467-0300: 30,686: Total time for which application threads were stopped: 0,0001076 seconds, Stopping threads took: 0,0000260 seconds
2020-04-28T10:23:51.467-0300: 30,686: Total time for which application threads were stopped: 0,0001058 seconds, Stopping threads took: 0,0000256 seconds
2020-04-28T10:23:51.473-0300: 30,692: Total time for which application threads were stopped: 0,0009063 seconds, Stopping threads took: 0,0007941 seconds
2020-04-28T10:23:51.485-0300: 30,704: Total time for which application threads were stopped: 0,0010951 seconds, Stopping threads took: 0,0008261 seconds
2020-04-28T10:23:51.527-0300: 30,745: Total time for which application threads were stopped: 0,0015847 seconds, Stopping threads took: 0,0014483 seconds
{Heap before GC invocations=6 (full 0):
 garbage-first heap   total 524288K, used 330114K [0x00000000e0000000, 0x00000000e0101000, 0x0000000100000000)
  region size 1024K, 307 young (314368K), 4 survivors (4096K)
 Metaspace       used 34164K, capacity 35128K, committed 35452K, reserved 1081344K
  class space    used 4210K, capacity 4458K, committed 4480K, reserved 1048576K
2020-04-28T10:23:51.585-0300: 30,803: [GC pause (G1 Evacuation Pause) (young)
Desired survivor size 20447232 bytes, new threshold 15 (max 15)
- age   1:     232752 bytes,     232752 total
- age   2:    1149016 bytes,    1381768 total
- age   3:    1306008 bytes,    2687776 total
, 0,0693109 secs]
   [Parallel Time: 62,2 ms, GC Workers: 2]
      [GC Worker Start (ms): Min: 30803,9, Avg: 30805,7, Max: 30807,6, Diff: 3,7]
      [Ext Root Scanning (ms): Min: 7,2, Avg: 11,3, Max: 15,3, Diff: 8,1, Sum: 22,5]
      [Update RS (ms): Min: 2,6, Avg: 2,7, Max: 2,9, Diff: 0,2, Sum: 5,5]
         [Processed Buffers: Min: 7, Avg: 7,0, Max: 7, Diff: 0, Sum: 14]
      [Scan RS (ms): Min: 0,1, Avg: 0,1, Max: 0,1, Diff: 0,0, Sum: 0,2]
      [Code Root Scanning (ms): Min: 1,5, Avg: 2,0, Max: 2,5, Diff: 1,0, Sum: 4,0]
      [Object Copy (ms): Min: 42,1, Avg: 44,0, Max: 45,9, Diff: 3,8, Sum: 88,0]
      [Termination (ms): Min: 0,0, Avg: 0,1, Max: 0,2, Diff: 0,2, Sum: 0,2]
         [Termination Attempts: Min: 1, Avg: 1,0, Max: 1, Diff: 0, Sum: 2]
      [GC Worker Other (ms): Min: 0,0, Avg: 0,0, Max: 0,0, Diff: 0,0, Sum: 0,0]
      [GC Worker Total (ms): Min: 58,3, Avg: 60,2, Max: 62,0, Diff: 3,7, Sum: 120,3]
      [GC Worker End (ms): Min: 30865,9, Avg: 30865,9, Max: 30865,9, Diff: 0,0]
   [Code Root Fixup: 0,0 ms]
   [Code Root Purge: 0,0 ms]
   [Clear CT: 1,0 ms]
   [Other: 6,0 ms]
      [Choose CSet: 0,0 ms]
      [Ref Proc: 5,1 ms]
      [Ref Enq: 0,3 ms]
      [Redirty Cards: 0,0 ms]
      [Humongous Register: 0,0 ms]
      [Humongous Reclaim: 0,0 ms]
      [Free CSet: 0,3 ms]
   [Eden: 303,0M(303,0M)->0,0B(286,0M) Survivors: 4096,0K->21,0M Heap: 322,4M(512,0M)->35,5M(512,0M)]
Heap after GC invocations=7 (full 0):
 garbage-first heap   total 524288K, used 36352K [0x00000000e0000000, 0x00000000e0101000, 0x0000000100000000)
  region size 1024K, 21 young (21504K), 21 survivors (21504K)
 Metaspace       used 34164K, capacity 35128K, committed 35452K, reserved 1081344K
  class space    used 4210K, capacity 4458K, committed 4480K, reserved 1048576K
}
 [Times: user=0,05 sys=0,00, real=0,08 secs] 
2020-04-28T10:23:51.669-0300: 30,888: Total time for which application threads were stopped: 0,0852163 seconds, Stopping threads took: 0,0006655 seconds
2020-04-28T10:23:51.672-0300: 30,891: Total time for which application threads were stopped: 0,0003674 seconds, Stopping threads took: 0,0002189 seconds
2020-04-28T10:23:51.678-0300: 30,896: Total time for which application threads were stopped: 0,0003495 seconds, Stopping threads took: 0,0001159 seconds
2020-04-28T10:23:51.678-0300: 30,897: Total time for which application threads were stopped: 0,0001276 seconds, Stopping threads took: 0,0000252 seconds
2020-04-28T10:23:51.679-0300: 30,897: Total time for which application threads were stopped: 0,0003452 seconds, Stopping threads took: 0,0000259 seconds
2020-04-28T10:23:51.680-0300: 30,899: Total time for which application threads were stopped: 0,0002735 seconds, Stopping threads took: 0,0001105 seconds
2020-04-28T10:23:51.681-0300: 30,900: Total time for which application threads were stopped: 0,0002748 seconds, Stopping threads took: 0,0000252 seconds
2020-04-28T10:23:51.683-0300: 30,902: Total time for which application threads were stopped: 0,0001991 seconds, Stopping threads took: 0,0000460 seconds
2020-04-28T10:23:51.684-0300: 30,903: Total time for which application threads were stopped: 0,0001938 seconds, Stopping threads took: 0,0000382 seconds
2020-04-28T10:23:51.685-0300: 30,904: Total time for which application threads were stopped: 0,0001570 seconds, Stopping threads took: 0,0000365 seconds
2020-04-28T10:23:51.685-0300: 30,904: Total time for which application threads were stopped: 0,0001064 seconds, Stopping threads took: 0,0000228 seconds
2020-04-28T10:23:51.686-0300: 30,904: Total time for which application threads were stopped: 0,0001083 seconds, Stopping threads took: 0,0000233 seconds
2020-04-28T10:23:51.686-0300: 30,905: Total time for which application threads were stopped: 0,0001063 seconds, Stopping threads took: 0,0000216 seconds
2020-04-28T10:23:51.686-0300: 30,905: Total time for which application threads were stopped: 0,0001002 seconds, Stopping threads took: 0,0000215 seconds
2020-04-28T10:23:51.686-0300: 30,905: Total time for which application threads were stopped: 0,0001654 seconds, Stopping threads took: 0,0000240 seconds
2020-04-28T10:23:51.687-0300: 30,905: Total time for which application threads were stopped: 0,0001394 seconds, Stopping threads took: 0,0000514 seconds
2020-04-28T10:23:51.687-0300: 30,906: Total time for which application threads were stopped: 0,0001012 seconds, Stopping threads took: 0,0000216 seconds
2020-04-28T10:23:51.687-0300: 30,906: Total time for which application threads were stopped: 0,0000907 seconds, Stopping threads took: 0,0000244 seconds
2020-04-28T10:23:51.687-0300: 30,906: Total time for which application threads were stopped: 0,0000743 seconds, Stopping threads took: 0,0000214 seconds
2020-04-28T10:23:51.868-0300: 31,087: Total time for which application threads were stopped: 0,0005262 seconds, Stopping threads took: 0,0004073 seconds
2020-04-28T10:23:51.885-0300: 31,104: Total time for which application threads were stopped: 0,0001926 seconds, Stopping threads took: 0,0000418 seconds
2020-04-28T10:23:52.890-0300: 32,109: Total time for which application threads were stopped: 0,0043184 seconds, Stopping threads took: 0,0041618 seconds
{Heap before GC invocations=7 (full 0):
 garbage-first heap   total 524288K, used 136704K [0x00000000e0000000, 0x00000000e0101000, 0x0000000100000000)
  region size 1024K, 120 young (122880K), 21 survivors (21504K)
 Metaspace       used 34929K, capacity 35910K, committed 36048K, reserved 1081344K
  class space    used 4315K, capacity 4565K, committed 4608K, reserved 1048576K
2020-04-28T10:23:52.895-0300: 32,113: [GC pause (Metadata GC Threshold) (young) (initial-mark)
Desired survivor size 20447232 bytes, new threshold 15 (max 15)
- age   1:    8036704 bytes,    8036704 total
- age   2:     167800 bytes,    8204504 total
- age   3:    1134800 bytes,    9339304 total
- age   4:    1256808 bytes,   10596112 total
, 0,0397044 secs]
   [Parallel Time: 35,8 ms, GC Workers: 2]
      [GC Worker Start (ms): Min: 32113,5, Avg: 32113,5, Max: 32113,5, Diff: 0,0]
      [Ext Root Scanning (ms): Min: 2,4, Avg: 2,5, Max: 2,5, Diff: 0,1, Sum: 4,9]
      [Update RS (ms): Min: 1,5, Avg: 1,6, Max: 1,7, Diff: 0,1, Sum: 3,2]
         [Processed Buffers: Min: 2, Avg: 5,0, Max: 8, Diff: 6, Sum: 10]
      [Scan RS (ms): Min: 0,0, Avg: 0,0, Max: 0,1, Diff: 0,0, Sum: 0,1]
      [Code Root Scanning (ms): Min: 0,8, Avg: 0,8, Max: 0,9, Diff: 0,1, Sum: 1,7]
      [Object Copy (ms): Min: 19,2, Avg: 24,9, Max: 30,7, Diff: 11,4, Sum: 49,9]
      [Termination (ms): Min: 0,0, Avg: 5,8, Max: 11,6, Diff: 11,6, Sum: 11,6]
         [Termination Attempts: Min: 1, Avg: 1,0, Max: 1, Diff: 0, Sum: 2]
      [GC Worker Other (ms): Min: 0,0, Avg: 0,0, Max: 0,0, Diff: 0,0, Sum: 0,0]
      [GC Worker Total (ms): Min: 35,7, Avg: 35,7, Max: 35,7, Diff: 0,1, Sum: 71,4]
      [GC Worker End (ms): Min: 32149,2, Avg: 32149,2, Max: 32149,2, Diff: 0,0]
   [Code Root Fixup: 0,0 ms]
   [Code Root Purge: 0,0 ms]
   [Clear CT: 0,1 ms]
   [Other: 3,8 ms]
      [Choose CSet: 0,0 ms]
      [Ref Proc: 3,4 ms]
      [Ref Enq: 0,0 ms]
      [Redirty Cards: 0,0 ms]
      [Humongous Register: 0,0 ms]
      [Humongous Reclaim: 0,0 ms]
      [Free CSet: 0,1 ms]
   [Eden: 99,0M(286,0M)->0,0B(294,0M) Survivors: 21,0M->13,0M Heap: 134,5M(512,0M)->27,0M(512,0M)]
Heap after GC invocations=8 (full 0):
 garbage-first heap   total 524288K, used 27648K [0x00000000e0000000, 0x00000000e0101000, 0x0000000100000000)
  region size 1024K, 13 young (13312K), 13 survivors (13312K)
 Metaspace       used 34929K, capacity 35910K, committed 36048K, reserved 1081344K
  class space    used 4315K, capacity 4565K, committed 4608K, reserved 1048576K
}
 [Times: user=0,05 sys=0,01, real=0,04 secs] 
2020-04-28T10:23:52.935-0300: 32,153: Total time for which application threads were stopped: 0,0407189 seconds, Stopping threads took: 0,0004455 seconds
2020-04-28T10:23:52.935-0300: 32,154: [GC concurrent-root-region-scan-start]
2020-04-28T10:23:52.944-0300: 32,163: Total time for which application threads were stopped: 0,0012916 seconds, Stopping threads took: 0,0011404 seconds
2020-04-28T10:23:52.945-0300: 32,164: Total time for which application threads were stopped: 0,0002545 seconds, Stopping threads took: 0,0001735 seconds
2020-04-28T10:23:52.945-0300: 32,164: Total time for which application threads were stopped: 0,0001273 seconds, Stopping threads took: 0,0000625 seconds
2020-04-28T10:23:52.947-0300: 32,166: Total time for which application threads were stopped: 0,0019649 seconds, Stopping threads took: 0,0018388 seconds
2020-04-28T10:23:52.954-0300: 32,173: Total time for which application threads were stopped: 0,0060698 seconds, Stopping threads took: 0,0058900 seconds
2020-04-28T10:23:52.965-0300: 32,184: Total time for which application threads were stopped: 0,0029621 seconds, Stopping threads took: 0,0028112 seconds
2020-04-28T10:23:52.965-0300: 32,184: Total time for which application threads were stopped: 0,0002091 seconds, Stopping threads took: 0,0001375 seconds
2020-04-28T10:23:52.965-0300: 32,184: Total time for which application threads were stopped: 0,0001022 seconds, Stopping threads took: 0,0000224 seconds
2020-04-28T10:23:52.969-0300: 32,188: Total time for which application threads were stopped: 0,0017844 seconds, Stopping threads took: 0,0016524 seconds
2020-04-28T10:23:52.971-0300: 32,189: Total time for which application threads were stopped: 0,0007547 seconds, Stopping threads took: 0,0006302 seconds
2020-04-28T10:23:52.979-0300: 32,198: [GC concurrent-root-region-scan-end, 0,0441981 secs]
2020-04-28T10:23:52.979-0300: 32,198: [GC concurrent-mark-start]
2020-04-28T10:23:53.157-0300: 32,375: [GC concurrent-mark-end, 0,1777201 secs]
2020-04-28T10:23:53.158-0300: 32,377: [GC remark 2020-04-28T10:23:53.158-0300: 32,377: [Finalize Marking, 0,0001194 secs] 2020-04-28T10:23:53.159-0300: 32,377: [GC ref-proc, 0,0091036 secs] 2020-04-28T10:23:53.168-0300: 32,387: [Unloading, 0,0749454 secs], 0,0846995 secs]
 [Times: user=0,03 sys=0,00, real=0,09 secs] 
2020-04-28T10:23:53.243-0300: 32,462: Total time for which application threads were stopped: 0,0864172 seconds, Stopping threads took: 0,0014704 seconds
2020-04-28T10:23:53.249-0300: 32,468: [GC cleanup 33M->33M(512M), 0,0054723 secs]
 [Times: user=0,00 sys=0,00, real=0,01 secs] 
2020-04-28T10:23:53.254-0300: 32,473: Total time for which application threads were stopped: 0,0078086 seconds, Stopping threads took: 0,0021155 seconds
2020-04-28T10:23:53.265-0300: 32,484: Total time for which application threads were stopped: 0,0001864 seconds, Stopping threads took: 0,0000683 seconds
2020-04-28T10:23:53.368-0300: 32,587: Total time for which application threads were stopped: 0,0008890 seconds, Stopping threads took: 0,0007825 seconds
2020-04-28T10:23:53.764-0300: 32,983: Total time for which application threads were stopped: 0,0077700 seconds, Stopping threads took: 0,0072096 seconds
2020-04-28T10:23:54.714-0300: 33,933: Total time for which application threads were stopped: 0,0004994 seconds, Stopping threads took: 0,0003639 seconds
2020-04-28T10:23:54.857-0300: 34,076: Total time for which application threads were stopped: 0,0085172 seconds, Stopping threads took: 0,0079775 seconds
2020-04-28T10:23:55.097-0300: 34,316: Total time for which application threads were stopped: 0,0025673 seconds, Stopping threads took: 0,0023963 seconds
2020-04-28T10:23:55.147-0300: 34,366: Total time for which application threads were stopped: 0,0046110 seconds, Stopping threads took: 0,0043515 seconds
2020-04-28T10:23:56.162-0300: 35,381: Total time for which application threads were stopped: 0,0049112 seconds, Stopping threads took: 0,0048003 seconds
2020-04-28T10:23:57.163-0300: 36,382: Total time for which application threads were stopped: 0,0002037 seconds, Stopping threads took: 0,0000746 seconds
2020-04-28T10:23:57.273-0300: 36,492: Total time for which application threads were stopped: 0,0002563 seconds, Stopping threads took: 0,0000694 seconds
2020-04-28T10:23:58.275-0300: 37,493: Total time for which application threads were stopped: 0,0002942 seconds, Stopping threads took: 0,0001382 seconds
2020-04-28T10:23:58.673-0300: 37,892: Total time for which application threads were stopped: 0,0002340 seconds, Stopping threads took: 0,0000873 seconds
2020-04-28T10:23:58.889-0300: 38,108: Total time for which application threads were stopped: 0,0071946 seconds, Stopping threads took: 0,0066131 seconds
2020-04-28T10:23:59.008-0300: 38,227: Total time for which application threads were stopped: 0,0086690 seconds, Stopping threads took: 0,0081139 seconds
2020-04-28T10:23:59.211-0300: 38,430: Total time for which application threads were stopped: 0,0201168 seconds, Stopping threads took: 0,0164635 seconds
2020-04-28T10:23:59.542-0300: 38,761: Total time for which application threads were stopped: 0,0021518 seconds, Stopping threads took: 0,0020026 seconds
2020-04-28T10:23:59.585-0300: 38,804: Total time for which application threads were stopped: 0,0002693 seconds, Stopping threads took: 0,0001398 seconds
2020-04-28T10:23:59.586-0300: 38,805: Total time for which application threads were stopped: 0,0000982 seconds, Stopping threads took: 0,0000298 seconds
2020-04-28T10:23:59.623-0300: 38,842: Total time for which application threads were stopped: 0,0001765 seconds, Stopping threads took: 0,0000895 seconds
2020-04-28T10:24:00.627-0300: 39,846: Total time for which application threads were stopped: 0,0039538 seconds, Stopping threads took: 0,0038544 seconds
2020-04-28T10:24:02.832-0300: 42,050: Total time for which application threads were stopped: 0,0015363 seconds, Stopping threads took: 0,0014007 seconds
2020-04-28T10:24:02.833-0300: 42,052: Total time for which application threads were stopped: 0,0001427 seconds, Stopping threads took: 0,0000374 seconds
2020-04-28T10:24:02.834-0300: 42,052: Total time for which application threads were stopped: 0,0000861 seconds, Stopping threads took: 0,0000200 seconds
2020-04-28T10:24:02.834-0300: 42,053: Total time for which application threads were stopped: 0,0000735 seconds, Stopping threads took: 0,0000154 seconds
2020-04-28T10:24:02.834-0300: 42,053: Total time for which application threads were stopped: 0,0001112 seconds, Stopping threads took: 0,0000278 seconds
2020-04-28T10:24:02.835-0300: 42,054: Total time for which application threads were stopped: 0,0005715 seconds, Stopping threads took: 0,0000160 seconds
2020-04-28T10:24:02.836-0300: 42,055: Total time for which application threads were stopped: 0,0001181 seconds, Stopping threads took: 0,0000342 seconds
2020-04-28T10:24:02.891-0300: 42,110: Total time for which application threads were stopped: 0,0001244 seconds, Stopping threads took: 0,0000339 seconds
2020-04-28T10:24:02.894-0300: 42,113: Total time for which application threads were stopped: 0,0001168 seconds, Stopping threads took: 0,0000372 seconds
2020-04-28T10:24:02.894-0300: 42,113: Total time for which application threads were stopped: 0,0000643 seconds, Stopping threads took: 0,0000187 seconds
2020-04-28T10:24:02.895-0300: 42,113: Total time for which application threads were stopped: 0,0001416 seconds, Stopping threads took: 0,0000729 seconds
2020-04-28T10:24:02.895-0300: 42,114: Total time for which application threads were stopped: 0,0000819 seconds, Stopping threads took: 0,0000214 seconds
2020-04-28T10:24:02.895-0300: 42,114: Total time for which application threads were stopped: 0,0001122 seconds, Stopping threads took: 0,0000475 seconds
2020-04-28T10:24:02.908-0300: 42,127: Total time for which application threads were stopped: 0,0002017 seconds, Stopping threads took: 0,0000928 seconds
2020-04-28T10:24:02.987-0300: 42,206: Total time for which application threads were stopped: 0,0001360 seconds, Stopping threads took: 0,0000379 seconds
2020-04-28T10:24:03.987-0300: 43,206: Total time for which application threads were stopped: 0,0001457 seconds, Stopping threads took: 0,0000533 seconds
2020-04-28T10:24:11.989-0300: 51,207: Total time for which application threads were stopped: 0,0004970 seconds, Stopping threads took: 0,0000920 seconds
2020-04-28T10:24:12.989-0300: 52,208: Total time for which application threads were stopped: 0,0001262 seconds, Stopping threads took: 0,0000373 seconds
2020-04-28T10:24:18.381-0300: 57,599: Total time for which application threads were stopped: 0,0001351 seconds, Stopping threads took: 0,0000402 seconds
2020-04-28T10:24:18.381-0300: 57,600: Total time for which application threads were stopped: 0,0001011 seconds, Stopping threads took: 0,0000289 seconds
2020-04-28T10:24:18.382-0300: 57,601: Total time for which application threads were stopped: 0,0001120 seconds, Stopping threads took: 0,0000480 seconds
2020-04-28T10:24:18.796-0300: 58,015: Total time for which application threads were stopped: 0,0003006 seconds, Stopping threads took: 0,0001722 seconds
2020-04-28T10:24:19.797-0300: 59,015: Total time for which application threads were stopped: 0,0001418 seconds, Stopping threads took: 0,0000413 seconds
2020-04-28T10:24:20.058-0300: 59,277: Total time for which application threads were stopped: 0,0001393 seconds, Stopping threads took: 0,0000390 seconds
2020-04-28T10:24:20.060-0300: 59,279: Total time for which application threads were stopped: 0,0001388 seconds, Stopping threads took: 0,0000409 seconds
2020-04-28T10:24:21.060-0300: 60,279: Total time for which application threads were stopped: 0,0001763 seconds, Stopping threads took: 0,0000685 seconds
2020-04-28T10:24:30.557-0300: 69,776: Total time for which application threads were stopped: 0,0002980 seconds, Stopping threads took: 0,0000937 seconds
2020-04-28T10:24:42.458-0300: 81,677: Total time for which application threads were stopped: 0,0001343 seconds, Stopping threads took: 0,0000389 seconds
2020-04-28T10:24:42.459-0300: 81,678: Total time for which application threads were stopped: 0,0000942 seconds, Stopping threads took: 0,0000294 seconds
2020-04-28T10:24:42.461-0300: 81,680: Total time for which application threads were stopped: 0,0001409 seconds, Stopping threads took: 0,0000390 seconds
2020-04-28T10:24:42.562-0300: 81,781: Total time for which application threads were stopped: 0,0008015 seconds, Stopping threads took: 0,0000578 seconds
2020-04-28T10:24:43.563-0300: 82,781: Total time for which application threads were stopped: 0,0001983 seconds, Stopping threads took: 0,0000679 seconds
2020-04-28T10:25:05.331-0300: 104,550: Total time for which application threads were stopped: 0,0001336 seconds, Stopping threads took: 0,0000375 seconds
2020-04-28T10:25:05.331-0300: 104,550: Total time for which application threads were stopped: 0,0000920 seconds, Stopping threads took: 0,0000254 seconds
2020-04-28T10:25:06.331-0300: 105,550: Total time for which application threads were stopped: 0,0002251 seconds, Stopping threads took: 0,0000708 seconds
2020-04-28T10:25:20.365-0300: 119,584: Total time for which application threads were stopped: 0,0009132 seconds, Stopping threads took: 0,0008115 seconds
2020-04-28T10:25:20.365-0300: 119,584: Total time for which application threads were stopped: 0,0000972 seconds, Stopping threads took: 0,0000262 seconds
2020-04-28T10:25:20.368-0300: 119,587: Total time for which application threads were stopped: 0,0001312 seconds, Stopping threads took: 0,0000403 seconds
2020-04-28T10:25:20.562-0300: 119,781: Total time for which application threads were stopped: 0,0001604 seconds, Stopping threads took: 0,0000682 seconds
2020-04-28T10:25:20.997-0300: 120,216: Total time for which application threads were stopped: 0,0001630 seconds, Stopping threads took: 0,0000386 seconds
2020-04-28T10:25:20.997-0300: 120,216: Total time for which application threads were stopped: 0,0000920 seconds, Stopping threads took: 0,0000242 seconds
2020-04-28T10:25:21.004-0300: 120,223: Total time for which application threads were stopped: 0,0001606 seconds, Stopping threads took: 0,0000392 seconds
2020-04-28T10:25:21.005-0300: 120,223: Total time for which application threads were stopped: 0,0000985 seconds, Stopping threads took: 0,0000249 seconds
2020-04-28T10:25:21.011-0300: 120,230: Total time for which application threads were stopped: 0,0001702 seconds, Stopping threads took: 0,0000404 seconds
2020-04-28T10:25:21.011-0300: 120,230: Total time for which application threads were stopped: 0,0000967 seconds, Stopping threads took: 0,0000248 seconds
2020-04-28T10:25:21.014-0300: 120,232: Total time for which application threads were stopped: 0,0001594 seconds, Stopping threads took: 0,0000372 seconds
2020-04-28T10:25:21.014-0300: 120,233: Total time for which application threads were stopped: 0,0000991 seconds, Stopping threads took: 0,0000246 seconds
2020-04-28T10:25:21.062-0300: 120,280: Total time for which application threads were stopped: 0,0056312 seconds, Stopping threads took: 0,0050728 seconds
2020-04-28T10:25:21.075-0300: 120,294: Total time for which application threads were stopped: 0,0125479 seconds, Stopping threads took: 0,0011832 seconds
2020-04-28T10:25:21.076-0300: 120,295: Total time for which application threads were stopped: 0,0002661 seconds, Stopping threads took: 0,0000418 seconds
2020-04-28T10:25:22.743-0300: 121,962: Total time for which application threads were stopped: 0,0001411 seconds, Stopping threads took: 0,0000367 seconds
2020-04-28T10:25:22.756-0300: 121,975: Total time for which application threads were stopped: 0,0003457 seconds, Stopping threads took: 0,0002273 seconds
2020-04-28T10:25:22.762-0300: 121,980: Total time for which application threads were stopped: 0,0002544 seconds, Stopping threads took: 0,0001191 seconds
2020-04-28T10:25:22.764-0300: 121,983: Total time for which application threads were stopped: 0,0011439 seconds, Stopping threads took: 0,0010293 seconds
2020-04-28T10:25:22.776-0300: 121,995: Total time for which application threads were stopped: 0,0002379 seconds, Stopping threads took: 0,0000830 seconds
2020-04-28T10:25:22.784-0300: 122,003: Total time for which application threads were stopped: 0,0012897 seconds, Stopping threads took: 0,0010531 seconds
2020-04-28T10:25:22.805-0300: 122,024: Total time for which application threads were stopped: 0,0001430 seconds, Stopping threads took: 0,0000398 seconds
2020-04-28T10:25:22.817-0300: 122,035: Total time for which application threads were stopped: 0,0001402 seconds, Stopping threads took: 0,0000373 seconds
2020-04-28T10:25:23.817-0300: 123,036: Total time for which application threads were stopped: 0,0001857 seconds, Stopping threads took: 0,0000409 seconds
2020-04-28T10:25:24.818-0300: 124,037: Total time for which application threads were stopped: 0,0010434 seconds, Stopping threads took: 0,0008765 seconds
2020-04-28T10:25:25.209-0300: 124,428: Total time for which application threads were stopped: 0,0001518 seconds, Stopping threads took: 0,0000607 seconds
2020-04-28T10:25:25.240-0300: 124,459: Total time for which application threads were stopped: 0,0006437 seconds, Stopping threads took: 0,0000395 seconds
2020-04-28T10:25:25.246-0300: 124,465: Total time for which application threads were stopped: 0,0001866 seconds, Stopping threads took: 0,0000634 seconds
2020-04-28T10:25:25.246-0300: 124,465: Total time for which application threads were stopped: 0,0001124 seconds, Stopping threads took: 0,0000359 seconds
2020-04-28T10:25:25.246-0300: 124,465: Total time for which application threads were stopped: 0,0001249 seconds, Stopping threads took: 0,0000330 seconds
2020-04-28T10:25:25.247-0300: 124,465: Total time for which application threads were stopped: 0,0001040 seconds, Stopping threads took: 0,0000338 seconds
2020-04-28T10:25:25.247-0300: 124,466: Total time for which application threads were stopped: 0,0001016 seconds, Stopping threads took: 0,0000327 seconds
2020-04-28T10:25:25.278-0300: 124,497: Total time for which application threads were stopped: 0,0005112 seconds, Stopping threads took: 0,0003902 seconds
2020-04-28T10:25:25.279-0300: 124,498: Total time for which application threads were stopped: 0,0007223 seconds, Stopping threads took: 0,0004668 seconds
2020-04-28T10:25:25.280-0300: 124,499: Total time for which application threads were stopped: 0,0001780 seconds, Stopping threads took: 0,0000744 seconds
2020-04-28T10:25:25.280-0300: 124,499: Total time for which application threads were stopped: 0,0001117 seconds, Stopping threads took: 0,0000397 seconds
2020-04-28T10:25:25.281-0300: 124,500: Total time for which application threads were stopped: 0,0001729 seconds, Stopping threads took: 0,0001022 seconds
2020-04-28T10:25:25.281-0300: 124,500: Total time for which application threads were stopped: 0,0005762 seconds, Stopping threads took: 0,0004755 seconds
2020-04-28T10:25:25.285-0300: 124,504: Total time for which application threads were stopped: 0,0001686 seconds, Stopping threads took: 0,0000605 seconds
2020-04-28T10:25:25.287-0300: 124,506: Total time for which application threads were stopped: 0,0001556 seconds, Stopping threads took: 0,0000576 seconds
2020-04-28T10:25:25.288-0300: 124,507: Total time for which application threads were stopped: 0,0012273 seconds, Stopping threads took: 0,0010923 seconds
2020-04-28T10:25:25.289-0300: 124,508: Total time for which application threads were stopped: 0,0001459 seconds, Stopping threads took: 0,0000551 seconds
2020-04-28T10:25:25.289-0300: 124,508: Total time for which application threads were stopped: 0,0001209 seconds, Stopping threads took: 0,0000442 seconds
2020-04-28T10:25:25.289-0300: 124,508: Total time for which application threads were stopped: 0,0001126 seconds, Stopping threads took: 0,0000408 seconds
2020-04-28T10:25:25.293-0300: 124,511: Total time for which application threads were stopped: 0,0003785 seconds, Stopping threads took: 0,0001213 seconds
2020-04-28T10:25:25.293-0300: 124,512: Total time for which application threads were stopped: 0,0001901 seconds, Stopping threads took: 0,0000540 seconds
2020-04-28T10:25:25.296-0300: 124,515: Total time for which application threads were stopped: 0,0014426 seconds, Stopping threads took: 0,0013151 seconds
2020-04-28T10:25:25.298-0300: 124,516: Total time for which application threads were stopped: 0,0009464 seconds, Stopping threads took: 0,0008291 seconds
2020-04-28T10:25:25.299-0300: 124,518: Total time for which application threads were stopped: 0,0001708 seconds, Stopping threads took: 0,0000683 seconds
2020-04-28T10:25:25.301-0300: 124,520: Total time for which application threads were stopped: 0,0001706 seconds, Stopping threads took: 0,0000630 seconds
2020-04-28T10:25:25.301-0300: 124,520: Total time for which application threads were stopped: 0,0001012 seconds, Stopping threads took: 0,0000382 seconds
2020-04-28T10:25:25.313-0300: 124,532: Total time for which application threads were stopped: 0,0001548 seconds, Stopping threads took: 0,0000346 seconds
2020-04-28T10:25:25.313-0300: 124,532: Total time for which application threads were stopped: 0,0000919 seconds, Stopping threads took: 0,0000181 seconds
2020-04-28T10:25:25.313-0300: 124,532: Total time for which application threads were stopped: 0,0000864 seconds, Stopping threads took: 0,0000161 seconds
2020-04-28T10:25:25.313-0300: 124,532: Total time for which application threads were stopped: 0,0000933 seconds, Stopping threads took: 0,0000160 seconds
2020-04-28T10:25:25.315-0300: 124,534: Total time for which application threads were stopped: 0,0001511 seconds, Stopping threads took: 0,0000340 seconds
2020-04-28T10:25:25.329-0300: 124,548: Total time for which application threads were stopped: 0,0001357 seconds, Stopping threads took: 0,0000362 seconds
2020-04-28T10:25:25.329-0300: 124,548: Total time for which application threads were stopped: 0,0000702 seconds, Stopping threads took: 0,0000170 seconds
2020-04-28T10:25:25.330-0300: 124,548: Total time for which application threads were stopped: 0,0000652 seconds, Stopping threads took: 0,0000159 seconds
2020-04-28T10:25:25.330-0300: 124,548: Total time for which application threads were stopped: 0,0000639 seconds, Stopping threads took: 0,0000158 seconds
2020-04-28T10:25:25.330-0300: 124,549: Total time for which application threads were stopped: 0,0000636 seconds, Stopping threads took: 0,0000155 seconds
2020-04-28T10:25:26.330-0300: 125,549: Total time for which application threads were stopped: 0,0003141 seconds, Stopping threads took: 0,0000778 seconds
2020-04-28T10:25:29.599-0300: 128,818: Total time for which application threads were stopped: 0,0001473 seconds, Stopping threads took: 0,0000400 seconds
2020-04-28T10:25:29.601-0300: 128,819: Total time for which application threads were stopped: 0,0001373 seconds, Stopping threads took: 0,0000343 seconds
2020-04-28T10:25:29.601-0300: 128,820: Total time for which application threads were stopped: 0,0000768 seconds, Stopping threads took: 0,0000175 seconds
2020-04-28T10:25:29.603-0300: 128,822: Total time for which application threads were stopped: 0,0001750 seconds, Stopping threads took: 0,0000680 seconds
2020-04-28T10:25:29.603-0300: 128,822: Total time for which application threads were stopped: 0,0001203 seconds, Stopping threads took: 0,0000512 seconds
2020-04-28T10:25:29.604-0300: 128,823: Total time for which application threads were stopped: 0,0001399 seconds, Stopping threads took: 0,0000489 seconds
2020-04-28T10:25:29.604-0300: 128,823: Total time for which application threads were stopped: 0,0000927 seconds, Stopping threads took: 0,0000335 seconds
2020-04-28T10:25:29.609-0300: 128,828: Total time for which application threads were stopped: 0,0035654 seconds, Stopping threads took: 0,0033945 seconds
2020-04-28T10:25:29.627-0300: 128,846: Total time for which application threads were stopped: 0,0052783 seconds, Stopping threads took: 0,0051490 seconds
2020-04-28T10:25:29.628-0300: 128,846: Total time for which application threads were stopped: 0,0000896 seconds, Stopping threads took: 0,0000247 seconds
2020-04-28T10:25:29.628-0300: 128,846: Total time for which application threads were stopped: 0,0000771 seconds, Stopping threads took: 0,0000162 seconds
2020-04-28T10:25:29.629-0300: 128,848: Total time for which application threads were stopped: 0,0001180 seconds, Stopping threads took: 0,0000259 seconds
2020-04-28T10:25:29.629-0300: 128,848: Total time for which application threads were stopped: 0,0000839 seconds, Stopping threads took: 0,0000180 seconds
2020-04-28T10:25:29.630-0300: 128,848: Total time for which application threads were stopped: 0,0002660 seconds, Stopping threads took: 0,0000164 seconds
2020-04-28T10:25:29.710-0300: 128,929: Total time for which application threads were stopped: 0,0097967 seconds, Stopping threads took: 0,0095425 seconds
2020-04-28T10:25:29.711-0300: 128,929: Total time for which application threads were stopped: 0,0001736 seconds, Stopping threads took: 0,0000274 seconds
2020-04-28T10:25:29.734-0300: 128,953: Total time for which application threads were stopped: 0,0001439 seconds, Stopping threads took: 0,0000363 seconds
2020-04-28T10:25:29.734-0300: 128,953: Total time for which application threads were stopped: 0,0000937 seconds, Stopping threads took: 0,0000228 seconds
2020-04-28T10:25:29.755-0300: 128,974: Total time for which application threads were stopped: 0,0001537 seconds, Stopping threads took: 0,0000349 seconds
2020-04-28T10:25:29.755-0300: 128,974: Total time for which application threads were stopped: 0,0000927 seconds, Stopping threads took: 0,0000211 seconds
2020-04-28T10:25:29.777-0300: 128,996: Total time for which application threads were stopped: 0,0019864 seconds, Stopping threads took: 0,0018642 seconds
2020-04-28T10:25:29.777-0300: 128,996: Total time for which application threads were stopped: 0,0000847 seconds, Stopping threads took: 0,0000298 seconds
2020-04-28T10:25:30.777-0300: 129,996: Total time for which application threads were stopped: 0,0001540 seconds, Stopping threads took: 0,0000372 seconds
2020-04-28T10:25:42.778-0300: 141,997: Total time for which application threads were stopped: 0,0001335 seconds, Stopping threads took: 0,0000398 seconds
2020-04-28T10:26:05.517-0300: 164,736: Total time for which application threads were stopped: 0,0001666 seconds, Stopping threads took: 0,0000416 seconds
2020-04-28T10:26:05.573-0300: 164,792: Total time for which application threads were stopped: 0,0002123 seconds, Stopping threads took: 0,0000497 seconds
2020-04-28T10:26:05.677-0300: 164,896: Total time for which application threads were stopped: 0,0005481 seconds, Stopping threads took: 0,0004488 seconds
2020-04-28T10:26:05.709-0300: 164,928: Total time for which application threads were stopped: 0,0001731 seconds, Stopping threads took: 0,0000757 seconds
2020-04-28T10:26:05.764-0300: 164,983: Total time for which application threads were stopped: 0,0001561 seconds, Stopping threads took: 0,0000624 seconds
2020-04-28T10:26:05.764-0300: 164,983: Total time for which application threads were stopped: 0,0001000 seconds, Stopping threads took: 0,0000372 seconds
2020-04-28T10:26:05.809-0300: 165,028: Total time for which application threads were stopped: 0,0001938 seconds, Stopping threads took: 0,0000757 seconds
2020-04-28T10:26:05.831-0300: 165,050: Total time for which application threads were stopped: 0,0001731 seconds, Stopping threads took: 0,0000692 seconds
2020-04-28T10:26:05.877-0300: 165,095: Total time for which application threads were stopped: 0,0001795 seconds, Stopping threads took: 0,0000709 seconds
2020-04-28T10:26:05.884-0300: 165,103: Total time for which application threads were stopped: 0,0053159 seconds, Stopping threads took: 0,0052129 seconds
2020-04-28T10:26:05.901-0300: 165,120: Total time for which application threads were stopped: 0,0001374 seconds, Stopping threads took: 0,0000409 seconds
2020-04-28T10:26:05.907-0300: 165,126: Total time for which application threads were stopped: 0,0001400 seconds, Stopping threads took: 0,0000390 seconds
2020-04-28T10:26:05.912-0300: 165,131: Total time for which application threads were stopped: 0,0001912 seconds, Stopping threads took: 0,0000856 seconds
2020-04-28T10:26:05.917-0300: 165,136: Total time for which application threads were stopped: 0,0002360 seconds, Stopping threads took: 0,0001316 seconds
2020-04-28T10:26:05.922-0300: 165,141: Total time for which application threads were stopped: 0,0009377 seconds, Stopping threads took: 0,0008365 seconds
2020-04-28T10:26:05.936-0300: 165,155: Total time for which application threads were stopped: 0,0004410 seconds, Stopping threads took: 0,0003397 seconds
2020-04-28T10:26:05.950-0300: 165,169: Total time for which application threads were stopped: 0,0001842 seconds, Stopping threads took: 0,0000707 seconds
2020-04-28T10:26:05.967-0300: 165,186: Total time for which application threads were stopped: 0,0001986 seconds, Stopping threads took: 0,0000809 seconds
2020-04-28T10:26:05.982-0300: 165,201: Total time for which application threads were stopped: 0,0001427 seconds, Stopping threads took: 0,0000402 seconds
2020-04-28T10:26:05.990-0300: 165,209: Total time for which application threads were stopped: 0,0001798 seconds, Stopping threads took: 0,0000750 seconds
2020-04-28T10:26:06.003-0300: 165,222: Total time for which application threads were stopped: 0,0001817 seconds, Stopping threads took: 0,0000766 seconds
2020-04-28T10:26:06.010-0300: 165,229: Total time for which application threads were stopped: 0,0001983 seconds, Stopping threads took: 0,0000735 seconds
2020-04-28T10:26:06.018-0300: 165,237: Total time for which application threads were stopped: 0,0001667 seconds, Stopping threads took: 0,0000717 seconds
2020-04-28T10:26:06.022-0300: 165,241: Total time for which application threads were stopped: 0,0001619 seconds, Stopping threads took: 0,0000676 seconds
2020-04-28T10:26:06.028-0300: 165,247: Total time for which application threads were stopped: 0,0001711 seconds, Stopping threads took: 0,0000733 seconds
2020-04-28T10:26:06.040-0300: 165,258: Total time for which application threads were stopped: 0,0006552 seconds, Stopping threads took: 0,0005520 seconds
2020-04-28T10:26:06.044-0300: 165,263: Total time for which application threads were stopped: 0,0001688 seconds, Stopping threads took: 0,0000628 seconds
2020-04-28T10:26:06.052-0300: 165,271: Total time for which application threads were stopped: 0,0003419 seconds, Stopping threads took: 0,0000618 seconds
2020-04-28T10:26:06.216-0300: 165,435: Total time for which application threads were stopped: 0,0003282 seconds, Stopping threads took: 0,0000372 seconds
2020-04-28T10:26:07.217-0300: 166,436: Total time for which application threads were stopped: 0,0002670 seconds, Stopping threads took: 0,0000744 seconds
2020-04-28T10:26:08.223-0300: 167,442: Total time for which application threads were stopped: 0,0064361 seconds, Stopping threads took: 0,0062825 seconds
{Heap before GC invocations=9 (full 0):
 garbage-first heap   total 524288K, used 330880K [0x00000000e0000000, 0x00000000e0101000, 0x0000000100000000)
  region size 1024K, 307 young (314368K), 13 survivors (13312K)
 Metaspace       used 45211K, capacity 46612K, committed 46800K, reserved 1089536K
  class space    used 5540K, capacity 5846K, committed 5888K, reserved 1048576K
2020-04-28T10:26:09.151-0300: 168,370: [GC pause (G1 Evacuation Pause) (young)
Desired survivor size 20447232 bytes, new threshold 15 (max 15)
- age   1:     254536 bytes,     254536 total
- age   2:    7795368 bytes,    8049904 total
- age   3:     167624 bytes,    8217528 total
- age   4:    1132544 bytes,    9350072 total
- age   5:    1256560 bytes,   10606632 total
, 0,0915416 secs]
   [Parallel Time: 76,8 ms, GC Workers: 2]
      [GC Worker Start (ms): Min: 168370,1, Avg: 168370,2, Max: 168370,4, Diff: 0,3]
      [Ext Root Scanning (ms): Min: 2,8, Avg: 3,8, Max: 4,9, Diff: 2,1, Sum: 7,7]
      [Update RS (ms): Min: 1,3, Avg: 2,2, Max: 3,2, Diff: 1,9, Sum: 4,5]
         [Processed Buffers: Min: 2, Avg: 8,0, Max: 14, Diff: 12, Sum: 16]
      [Scan RS (ms): Min: 0,1, Avg: 0,1, Max: 0,1, Diff: 0,0, Sum: 0,2]
      [Code Root Scanning (ms): Min: 0,3, Avg: 2,7, Max: 5,1, Diff: 4,9, Sum: 5,4]
      [Object Copy (ms): Min: 67,1, Avg: 67,7, Max: 68,3, Diff: 1,2, Sum: 135,4]
      [Termination (ms): Min: 0,0, Avg: 0,0, Max: 0,0, Diff: 0,0, Sum: 0,0]
         [Termination Attempts: Min: 1, Avg: 1,0, Max: 1, Diff: 0, Sum: 2]
      [GC Worker Other (ms): Min: 0,0, Avg: 0,0, Max: 0,0, Diff: 0,0, Sum: 0,0]
      [GC Worker Total (ms): Min: 76,5, Avg: 76,6, Max: 76,8, Diff: 0,3, Sum: 153,3]
      [GC Worker End (ms): Min: 168446,9, Avg: 168446,9, Max: 168446,9, Diff: 0,0]
   [Code Root Fixup: 0,2 ms]
   [Code Root Purge: 0,0 ms]
   [Clear CT: 0,1 ms]
   [Other: 14,4 ms]
      [Choose CSet: 0,0 ms]
      [Ref Proc: 13,6 ms]
      [Ref Enq: 0,1 ms]
      [Redirty Cards: 0,0 ms]
      [Humongous Register: 0,0 ms]
      [Humongous Reclaim: 0,0 ms]
      [Free CSet: 0,4 ms]
   [Eden: 294,0M(294,0M)->0,0B(278,0M) Survivors: 13,0M->29,0M Heap: 323,1M(512,0M)->45,6M(512,0M)]
Heap after GC invocations=10 (full 0):
 garbage-first heap   total 524288K, used 46720K [0x00000000e0000000, 0x00000000e0101000, 0x0000000100000000)
  region size 1024K, 29 young (29696K), 29 survivors (29696K)
 Metaspace       used 45211K, capacity 46612K, committed 46800K, reserved 1089536K
  class space    used 5540K, capacity 5846K, committed 5888K, reserved 1048576K
}
 [Times: user=0,14 sys=0,00, real=0,10 secs] 
2020-04-28T10:26:09.243-0300: 168,462: Total time for which application threads were stopped: 0,0920333 seconds, Stopping threads took: 0,0000722 seconds
2020-04-28T10:26:09.252-0300: 168,471: Total time for which application threads were stopped: 0,0012461 seconds, Stopping threads took: 0,0011210 seconds
2020-04-28T10:26:09.253-0300: 168,471: Total time for which application threads were stopped: 0,0000943 seconds, Stopping threads took: 0,0000240 seconds
2020-04-28T10:26:09.253-0300: 168,472: Total time for which application threads were stopped: 0,0001169 seconds, Stopping threads took: 0,0000321 seconds
2020-04-28T10:26:09.254-0300: 168,473: Total time for which application threads were stopped: 0,0001068 seconds, Stopping threads took: 0,0000299 seconds
2020-04-28T10:26:09.254-0300: 168,473: Total time for which application threads were stopped: 0,0000821 seconds, Stopping threads took: 0,0000211 seconds
2020-04-28T10:26:09.254-0300: 168,473: Total time for which application threads were stopped: 0,0000979 seconds, Stopping threads took: 0,0000229 seconds
2020-04-28T10:26:10.259-0300: 169,478: Total time for which application threads were stopped: 0,0047049 seconds, Stopping threads took: 0,0044740 seconds
2020-04-28T10:26:11.264-0300: 170,482: Total time for which application threads were stopped: 0,0044174 seconds, Stopping threads took: 0,0042858 seconds
2020-04-28T10:26:12.269-0300: 171,488: Total time for which application threads were stopped: 0,0052290 seconds, Stopping threads took: 0,0050993 seconds
2020-04-28T10:26:13.269-0300: 172,488: Total time for which application threads were stopped: 0,0001988 seconds, Stopping threads took: 0,0000783 seconds
2020-04-28T10:26:14.270-0300: 173,488: Total time for which application threads were stopped: 0,0001959 seconds, Stopping threads took: 0,0000796 seconds
2020-04-28T10:26:15.275-0300: 174,494: Total time for which application threads were stopped: 0,0055482 seconds, Stopping threads took: 0,0054194 seconds
2020-04-28T10:26:16.284-0300: 175,503: Total time for which application threads were stopped: 0,0083471 seconds, Stopping threads took: 0,0081425 seconds
2020-04-28T10:26:17.285-0300: 176,503: Total time for which application threads were stopped: 0,0002598 seconds, Stopping threads took: 0,0001260 seconds
{Heap before GC invocations=10 (full 0):
 garbage-first heap   total 524288K, used 334464K [0x00000000e0000000, 0x00000000e0101000, 0x0000000100000000)
  region size 1024K, 307 young (314368K), 29 survivors (29696K)
 Metaspace       used 45308K, capacity 46804K, committed 47056K, reserved 1091584K
  class space    used 5540K, capacity 5846K, committed 5888K, reserved 1048576K
2020-04-28T10:26:17.654-0300: 176,872: [GC pause (G1 Evacuation Pause) (young)
Desired survivor size 20447232 bytes, new threshold 6 (max 15)
- age   1:   10937120 bytes,   10937120 total
- age   2:     236888 bytes,   11174008 total
- age   3:    6898944 bytes,   18072952 total
- age   4:     162920 bytes,   18235872 total
- age   5:    1127016 bytes,   19362888 total
- age   6:    1243320 bytes,   20606208 total
, 0,0829495 secs]
   [Parallel Time: 81,0 ms, GC Workers: 2]
      [GC Worker Start (ms): Min: 176873,2, Avg: 176873,2, Max: 176873,2, Diff: 0,0]
      [Ext Root Scanning (ms): Min: 1,9, Avg: 2,7, Max: 3,5, Diff: 1,6, Sum: 5,4]
      [Update RS (ms): Min: 0,2, Avg: 0,4, Max: 0,7, Diff: 0,5, Sum: 0,9]
         [Processed Buffers: Min: 5, Avg: 7,0, Max: 9, Diff: 4, Sum: 14]
      [Scan RS (ms): Min: 3,3, Avg: 3,7, Max: 4,1, Diff: 0,9, Sum: 7,4]
      [Code Root Scanning (ms): Min: 3,4, Avg: 3,8, Max: 4,2, Diff: 0,8, Sum: 7,6]
      [Object Copy (ms): Min: 69,0, Avg: 69,5, Max: 69,9, Diff: 1,0, Sum: 138,9]
      [Termination (ms): Min: 0,0, Avg: 0,1, Max: 0,1, Diff: 0,1, Sum: 0,1]
         [Termination Attempts: Min: 1, Avg: 1,0, Max: 1, Diff: 0, Sum: 2]
      [GC Worker Other (ms): Min: 0,0, Avg: 0,0, Max: 0,0, Diff: 0,0, Sum: 0,1]
      [GC Worker Total (ms): Min: 80,2, Avg: 80,2, Max: 80,2, Diff: 0,0, Sum: 160,3]
      [GC Worker End (ms): Min: 176953,4, Avg: 176953,4, Max: 176953,4, Diff: 0,0]
   [Code Root Fixup: 0,2 ms]
   [Code Root Purge: 0,0 ms]
   [Clear CT: 0,1 ms]
   [Other: 1,6 ms]
      [Choose CSet: 0,0 ms]
      [Ref Proc: 1,0 ms]
      [Ref Enq: 0,0 ms]
      [Redirty Cards: 0,1 ms]
      [Humongous Register: 0,0 ms]
      [Humongous Reclaim: 0,0 ms]
      [Free CSet: 0,3 ms]
   [Eden: 278,0M(278,0M)->0,0B(268,0M) Survivors: 29,0M->39,0M Heap: 326,6M(512,0M)->64,8M(512,0M)]
Heap after GC invocations=11 (full 0):
 garbage-first heap   total 524288K, used 66326K [0x00000000e0000000, 0x00000000e0101000, 0x0000000100000000)
  region size 1024K, 39 young (39936K), 39 survivors (39936K)
 Metaspace       used 45308K, capacity 46804K, committed 47056K, reserved 1091584K
  class space    used 5540K, capacity 5846K, committed 5888K, reserved 1048576K
}
 [Times: user=0,09 sys=0,01, real=0,09 secs] 
2020-04-28T10:26:17.737-0300: 176,955: Total time for which application threads were stopped: 0,0833570 seconds, Stopping threads took: 0,0000431 seconds
2020-04-28T10:26:17.757-0300: 176,976: Total time for which application threads were stopped: 0,0048386 seconds, Stopping threads took: 0,0047096 seconds
2020-04-28T10:26:17.769-0300: 176,987: Total time for which application threads were stopped: 0,0064739 seconds, Stopping threads took: 0,0063505 seconds
2020-04-28T10:26:17.769-0300: 176,988: Total time for which application threads were stopped: 0,0000977 seconds, Stopping threads took: 0,0000349 seconds
2020-04-28T10:26:17.769-0300: 176,988: Total time for which application threads were stopped: 0,0000978 seconds, Stopping threads took: 0,0000407 seconds
2020-04-28T10:26:18.773-0300: 177,992: Total time for which application threads were stopped: 0,0042159 seconds, Stopping threads took: 0,0040565 seconds
2020-04-28T10:26:19.774-0300: 178,992: Total time for which application threads were stopped: 0,0001778 seconds, Stopping threads took: 0,0000480 seconds
{Heap before GC invocations=11 (full 0):
 garbage-first heap   total 524288K, used 202518K [0x00000000e0000000, 0x00000000e0101000, 0x0000000100000000)
  region size 1024K, 172 young (176128K), 39 survivors (39936K)
 Metaspace       used 45312K, capacity 46804K, committed 47056K, reserved 1091584K
  class space    used 5540K, capacity 5846K, committed 5888K, reserved 1048576K
2020-04-28T10:26:20.549-0300: 179,768: [GC pause (G1 Evacuation Pause) (young)
Desired survivor size 11534336 bytes, new threshold 1 (max 15)
- age   1:   26024008 bytes,   26024008 total
- age   2:    7292232 bytes,   33316240 total
- age   3:     143480 bytes,   33459720 total
- age   4:    4585072 bytes,   38044792 total
- age   5:      77848 bytes,   38122640 total
- age   6:     136488 bytes,   38259128 total
, 0,0772011 secs]
   [Parallel Time: 74,4 ms, GC Workers: 2]
      [GC Worker Start (ms): Min: 179768,4, Avg: 179768,4, Max: 179768,5, Diff: 0,1]
      [Ext Root Scanning (ms): Min: 3,0, Avg: 3,4, Max: 3,7, Diff: 0,6, Sum: 6,7]
      [Update RS (ms): Min: 4,5, Avg: 4,9, Max: 5,3, Diff: 0,8, Sum: 9,8]
         [Processed Buffers: Min: 4, Avg: 10,5, Max: 17, Diff: 13, Sum: 21]
      [Scan RS (ms): Min: 3,4, Avg: 3,9, Max: 4,5, Diff: 1,2, Sum: 7,9]
      [Code Root Scanning (ms): Min: 1,3, Avg: 2,7, Max: 4,0, Diff: 2,7, Sum: 5,3]
      [Object Copy (ms): Min: 56,6, Avg: 59,2, Max: 61,9, Diff: 5,2, Sum: 118,5]
      [Termination (ms): Min: 0,0, Avg: 0,0, Max: 0,0, Diff: 0,0, Sum: 0,0]
         [Termination Attempts: Min: 1, Avg: 1,0, Max: 1, Diff: 0, Sum: 2]
      [GC Worker Other (ms): Min: 0,0, Avg: 0,0, Max: 0,1, Diff: 0,0, Sum: 0,1]
      [GC Worker Total (ms): Min: 74,2, Avg: 74,2, Max: 74,2, Diff: 0,1, Sum: 148,4]
      [GC Worker End (ms): Min: 179842,6, Avg: 179842,6, Max: 179842,6, Diff: 0,0]
   [Code Root Fixup: 0,1 ms]
   [Code Root Purge: 0,0 ms]
   [Clear CT: 0,1 ms]
   [Other: 2,6 ms]
      [Choose CSet: 0,0 ms]
      [Ref Proc: 2,1 ms]
      [Ref Enq: 0,0 ms]
      [Redirty Cards: 0,1 ms]
      [Humongous Register: 0,0 ms]
      [Humongous Reclaim: 0,0 ms]
      [Free CSet: 0,2 ms]
   [Eden: 133,0M(133,0M)->0,0B(286,0M) Survivors: 39,0M->21,0M Heap: 197,8M(512,0M)->79,6M(512,0M)]
Heap after GC invocations=12 (full 0):
 garbage-first heap   total 524288K, used 81536K [0x00000000e0000000, 0x00000000e0101000, 0x0000000100000000)
  region size 1024K, 21 young (21504K), 21 survivors (21504K)
 Metaspace       used 45312K, capacity 46804K, committed 47056K, reserved 1091584K
  class space    used 5540K, capacity 5846K, committed 5888K, reserved 1048576K
}
 [Times: user=0,11 sys=0,00, real=0,08 secs] 
2020-04-28T10:26:20.627-0300: 179,846: Total time for which application threads were stopped: 0,0776128 seconds, Stopping threads took: 0,0000395 seconds
2020-04-28T10:26:20.884-0300: 180,103: Total time for which application threads were stopped: 0,0051287 seconds, Stopping threads took: 0,0049930 seconds
2020-04-28T10:26:20.886-0300: 180,105: Total time for which application threads were stopped: 0,0001783 seconds, Stopping threads took: 0,0000679 seconds
2020-04-28T10:26:21.265-0300: 180,484: Total time for which application threads were stopped: 0,0012847 seconds, Stopping threads took: 0,0010411 seconds
2020-04-28T10:26:21.565-0300: 180,783: Total time for which application threads were stopped: 0,0009918 seconds, Stopping threads took: 0,0001038 seconds
2020-04-28T10:26:22.392-0300: 181,611: Total time for which application threads were stopped: 0,0074454 seconds, Stopping threads took: 0,0071526 seconds
2020-04-28T10:26:22.402-0300: 181,620: Total time for which application threads were stopped: 0,0035582 seconds, Stopping threads took: 0,0033374 seconds
2020-04-28T10:26:22.417-0300: 181,636: Total time for which application threads were stopped: 0,0037592 seconds, Stopping threads took: 0,0036222 seconds
2020-04-28T10:26:23.419-0300: 182,637: Total time for which application threads were stopped: 0,0016540 seconds, Stopping threads took: 0,0014292 seconds
2020-04-28T10:26:24.425-0300: 183,644: Total time for which application threads were stopped: 0,0061729 seconds, Stopping threads took: 0,0059775 seconds
2020-04-28T10:26:25.425-0300: 184,644: Total time for which application threads were stopped: 0,0004390 seconds, Stopping threads took: 0,0003166 seconds
{Heap before GC invocations=12 (full 0):
 garbage-first heap   total 524288K, used 377984K [0x00000000e0000000, 0x00000000e0101000, 0x0000000100000000)
  region size 1024K, 307 young (314368K), 21 survivors (21504K)
 Metaspace       used 46037K, capacity 47460K, committed 47696K, reserved 1091584K
  class space    used 5606K, capacity 5916K, committed 6016K, reserved 1048576K
2020-04-28T10:26:25.603-0300: 184,822: [GC pause (G1 Evacuation Pause) (young)
Desired survivor size 20447232 bytes, new threshold 15 (max 15)
- age   1:   18881080 bytes,   18881080 total
, 0,0481456 secs]
   [Parallel Time: 42,0 ms, GC Workers: 2]
      [GC Worker Start (ms): Min: 184822,2, Avg: 184822,2, Max: 184822,2, Diff: 0,0]
      [Ext Root Scanning (ms): Min: 2,0, Avg: 2,0, Max: 2,1, Diff: 0,1, Sum: 4,0]
      [Update RS (ms): Min: 4,1, Avg: 4,1, Max: 4,1, Diff: 0,0, Sum: 8,2]
         [Processed Buffers: Min: 7, Avg: 8,5, Max: 10, Diff: 3, Sum: 17]
      [Scan RS (ms): Min: 1,5, Avg: 1,7, Max: 1,9, Diff: 0,3, Sum: 3,4]
      [Code Root Scanning (ms): Min: 0,1, Avg: 0,1, Max: 0,2, Diff: 0,1, Sum: 0,3]
      [Object Copy (ms): Min: 30,9, Avg: 32,5, Max: 34,1, Diff: 3,2, Sum: 64,9]
      [Termination (ms): Min: 0,0, Avg: 1,5, Max: 3,1, Diff: 3,1, Sum: 3,1]
         [Termination Attempts: Min: 1, Avg: 1,0, Max: 1, Diff: 0, Sum: 2]
      [GC Worker Other (ms): Min: 0,0, Avg: 0,0, Max: 0,0, Diff: 0,0, Sum: 0,0]
      [GC Worker Total (ms): Min: 41,9, Avg: 42,0, Max: 42,0, Diff: 0,0, Sum: 83,9]
      [GC Worker End (ms): Min: 184864,1, Avg: 184864,1, Max: 184864,2, Diff: 0,0]
   [Code Root Fixup: 0,0 ms]
   [Code Root Purge: 0,0 ms]
   [Clear CT: 0,2 ms]
   [Other: 5,9 ms]
      [Choose CSet: 0,0 ms]
      [Ref Proc: 5,3 ms]
      [Ref Enq: 0,1 ms]
      [Redirty Cards: 0,1 ms]
      [Humongous Register: 0,0 ms]
      [Humongous Reclaim: 0,0 ms]
      [Free CSet: 0,2 ms]
   [Eden: 286,0M(286,0M)->0,0B(271,0M) Survivors: 21,0M->36,0M Heap: 369,1M(512,0M)->94,1M(512,0M)]
Heap after GC invocations=13 (full 0):
 garbage-first heap   total 524288K, used 96384K [0x00000000e0000000, 0x00000000e0101000, 0x0000000100000000)
  region size 1024K, 36 young (36864K), 36 survivors (36864K)
 Metaspace       used 46037K, capacity 47460K, committed 47696K, reserved 1091584K
  class space    used 5606K, capacity 5916K, committed 6016K, reserved 1048576K
}
 [Times: user=0,07 sys=0,01, real=0,04 secs] 
2020-04-28T10:26:25.652-0300: 184,870: Total time for which application threads were stopped: 0,0534008 seconds, Stopping threads took: 0,0048391 seconds
2020-04-28T10:26:26.659-0300: 185,878: Total time for which application threads were stopped: 0,0070893 seconds, Stopping threads took: 0,0069231 seconds
2020-04-28T10:26:27.626-0300: 186,845: Total time for which application threads were stopped: 0,0038348 seconds, Stopping threads took: 0,0037148 seconds
2020-04-28T10:26:27.629-0300: 186,848: Total time for which application threads were stopped: 0,0002298 seconds, Stopping threads took: 0,0000841 seconds
2020-04-28T10:26:28.599-0300: 187,818: Total time for which application threads were stopped: 0,0045380 seconds, Stopping threads took: 0,0044174 seconds
2020-04-28T10:26:28.599-0300: 187,818: Total time for which application threads were stopped: 0,0000885 seconds, Stopping threads took: 0,0000258 seconds
2020-04-28T10:26:28.737-0300: 187,956: Total time for which application threads were stopped: 0,0025650 seconds, Stopping threads took: 0,0023315 seconds
2020-04-28T10:26:28.963-0300: 188,182: Total time for which application threads were stopped: 0,0052939 seconds, Stopping threads took: 0,0049781 seconds
2020-04-28T10:26:28.964-0300: 188,183: Total time for which application threads were stopped: 0,0002976 seconds, Stopping threads took: 0,0000886 seconds
2020-04-28T10:26:29.782-0300: 189,001: Total time for which application threads were stopped: 0,0046684 seconds, Stopping threads took: 0,0045131 seconds
{Heap before GC invocations=13 (full 0):
 garbage-first heap   total 524288K, used 378496K [0x00000000e0000000, 0x00000000e0101000, 0x0000000100000000)
  region size 1024K, 307 young (314368K), 36 survivors (36864K)
 Metaspace       used 46243K, capacity 47734K, committed 47952K, reserved 1091584K
  class space    used 5630K, capacity 5985K, committed 6016K, reserved 1048576K
2020-04-28T10:26:30.011-0300: 189,229: [GC pause (G1 Evacuation Pause) (young)
Desired survivor size 20447232 bytes, new threshold 2 (max 15)
- age   1:   14418536 bytes,   14418536 total
- age   2:   18307992 bytes,   32726528 total
, 0,0408628 secs]
   [Parallel Time: 38,1 ms, GC Workers: 2]
      [GC Worker Start (ms): Min: 189229,5, Avg: 189230,7, Max: 189231,9, Diff: 2,4]
      [Ext Root Scanning (ms): Min: 1,0, Avg: 4,6, Max: 8,3, Diff: 7,4, Sum: 9,3]
      [Update RS (ms): Min: 0,0, Avg: 1,3, Max: 2,7, Diff: 2,7, Sum: 2,7]
         [Processed Buffers: Min: 0, Avg: 10,5, Max: 21, Diff: 21, Sum: 21]
      [Scan RS (ms): Min: 1,8, Avg: 3,6, Max: 5,5, Diff: 3,8, Sum: 7,3]
      [Code Root Scanning (ms): Min: 0,0, Avg: 0,2, Max: 0,3, Diff: 0,3, Sum: 0,4]
      [Object Copy (ms): Min: 26,4, Avg: 27,0, Max: 27,6, Diff: 1,2, Sum: 54,0]
      [Termination (ms): Min: 0,0, Avg: 0,0, Max: 0,0, Diff: 0,0, Sum: 0,0]
         [Termination Attempts: Min: 1, Avg: 1,0, Max: 1, Diff: 0, Sum: 2]
      [GC Worker Other (ms): Min: 0,0, Avg: 0,0, Max: 0,0, Diff: 0,0, Sum: 0,0]
      [GC Worker Total (ms): Min: 35,6, Avg: 36,8, Max: 38,0, Diff: 2,4, Sum: 73,7]
      [GC Worker End (ms): Min: 189267,6, Avg: 189267,6, Max: 189267,6, Diff: 0,0]
   [Code Root Fixup: 0,0 ms]
   [Code Root Purge: 0,0 ms]
   [Clear CT: 0,1 ms]
   [Other: 2,6 ms]
      [Choose CSet: 0,0 ms]
      [Ref Proc: 2,1 ms]
      [Ref Enq: 0,0 ms]
      [Redirty Cards: 0,1 ms]
      [Humongous Register: 0,0 ms]
      [Humongous Reclaim: 0,0 ms]
      [Free CSet: 0,2 ms]
   [Eden: 271,0M(271,0M)->0,0B(281,0M) Survivors: 36,0M->26,0M Heap: 369,6M(512,0M)->105,8M(512,0M)]
Heap after GC invocations=14 (full 0):
 garbage-first heap   total 524288K, used 108348K [0x00000000e0000000, 0x00000000e0101000, 0x0000000100000000)
  region size 1024K, 26 young (26624K), 26 survivors (26624K)
 Metaspace       used 46243K, capacity 47734K, committed 47952K, reserved 1091584K
  class space    used 5630K, capacity 5985K, committed 6016K, reserved 1048576K
}
 [Times: user=0,04 sys=0,00, real=0,04 secs] 
2020-04-28T10:26:30.052-0300: 189,270: Total time for which application threads were stopped: 0,0478297 seconds, Stopping threads took: 0,0058974 seconds
2020-04-28T10:26:31.058-0300: 190,277: Total time for which application threads were stopped: 0,0061399 seconds, Stopping threads took: 0,0059998 seconds
2020-04-28T10:26:32.335-0300: 191,554: Total time for which application threads were stopped: 0,0134500 seconds, Stopping threads took: 0,0132718 seconds
2020-04-28T10:26:32.370-0300: 191,589: Total time for which application threads were stopped: 0,0036081 seconds, Stopping threads took: 0,0027601 seconds
2020-04-28T10:26:32.414-0300: 191,633: Total time for which application threads were stopped: 0,0027982 seconds, Stopping threads took: 0,0019592 seconds
2020-04-28T10:26:32.534-0300: 191,753: Total time for which application threads were stopped: 0,0133766 seconds, Stopping threads took: 0,0119620 seconds
2020-04-28T10:26:32.656-0300: 191,875: Total time for which application threads were stopped: 0,0058364 seconds, Stopping threads took: 0,0055861 seconds
2020-04-28T10:26:32.656-0300: 191,875: Total time for which application threads were stopped: 0,0001631 seconds, Stopping threads took: 0,0000332 seconds
2020-04-28T10:26:32.657-0300: 191,875: Total time for which application threads were stopped: 0,0001322 seconds, Stopping threads took: 0,0000262 seconds
2020-04-28T10:26:32.657-0300: 191,876: Total time for which application threads were stopped: 0,0001579 seconds, Stopping threads took: 0,0000267 seconds
2020-04-28T10:26:33.662-0300: 192,881: Total time for which application threads were stopped: 0,0049731 seconds, Stopping threads took: 0,0048442 seconds
{Heap before GC invocations=14 (full 0):
 garbage-first heap   total 524288K, used 397116K [0x00000000e0000000, 0x00000000e0101000, 0x0000000100000000)
  region size 1024K, 307 young (314368K), 26 survivors (26624K)
 Metaspace       used 46641K, capacity 48150K, committed 48336K, reserved 1091584K
  class space    used 5682K, capacity 6029K, committed 6144K, reserved 1048576K
2020-04-28T10:26:34.476-0300: 193,695: [GC pause (G1 Evacuation Pause) (young)
Desired survivor size 20447232 bytes, new threshold 2 (max 15)
- age   1:   13853168 bytes,   13853168 total
- age   2:    9203520 bytes,   23056688 total
, 0,0414962 secs]
   [Parallel Time: 38,6 ms, GC Workers: 2]
      [GC Worker Start (ms): Min: 193694,6, Avg: 193694,6, Max: 193694,6, Diff: 0,0]
      [Ext Root Scanning (ms): Min: 1,4, Avg: 1,5, Max: 1,5, Diff: 0,0, Sum: 2,9]
      [Update RS (ms): Min: 1,4, Avg: 1,4, Max: 1,5, Diff: 0,1, Sum: 2,9]
         [Processed Buffers: Min: 8, Avg: 10,0, Max: 12, Diff: 4, Sum: 20]
      [Scan RS (ms): Min: 0,4, Avg: 0,5, Max: 0,5, Diff: 0,1, Sum: 0,9]
      [Code Root Scanning (ms): Min: 0,0, Avg: 0,2, Max: 0,4, Diff: 0,3, Sum: 0,4]
      [Object Copy (ms): Min: 29,3, Avg: 32,0, Max: 34,8, Diff: 5,5, Sum: 64,1]
      [Termination (ms): Min: 0,0, Avg: 2,9, Max: 5,9, Diff: 5,9, Sum: 5,9]
         [Termination Attempts: Min: 1, Avg: 1,0, Max: 1, Diff: 0, Sum: 2]
      [GC Worker Other (ms): Min: 0,0, Avg: 0,0, Max: 0,0, Diff: 0,0, Sum: 0,0]
      [GC Worker Total (ms): Min: 38,5, Avg: 38,6, Max: 38,6, Diff: 0,0, Sum: 77,1]
      [GC Worker End (ms): Min: 193733,2, Avg: 193733,2, Max: 193733,2, Diff: 0,0]
   [Code Root Fixup: 0,0 ms]
   [Code Root Purge: 0,0 ms]
   [Clear CT: 0,2 ms]
   [Other: 2,7 ms]
      [Choose CSet: 0,0 ms]
      [Ref Proc: 2,2 ms]
      [Ref Enq: 0,0 ms]
      [Redirty Cards: 0,0 ms]
      [Humongous Register: 0,0 ms]
      [Humongous Reclaim: 0,0 ms]
      [Free CSet: 0,2 ms]
   [Eden: 281,0M(281,0M)->0,0B(288,0M) Survivors: 26,0M->19,0M Heap: 387,8M(512,0M)->103,1M(512,0M)]
Heap after GC invocations=15 (full 0):
 garbage-first heap   total 524288K, used 105600K [0x00000000e0000000, 0x00000000e0101000, 0x0000000100000000)
  region size 1024K, 19 young (19456K), 19 survivors (19456K)
 Metaspace       used 46641K, capacity 48150K, committed 48336K, reserved 1091584K
  class space    used 5682K, capacity 6029K, committed 6144K, reserved 1048576K
}
 [Times: user=0,05 sys=0,00, real=0,04 secs] 
2020-04-28T10:26:34.517-0300: 193,736: Total time for which application threads were stopped: 0,0418817 seconds, Stopping threads took: 0,0000489 seconds
2020-04-28T10:26:35.518-0300: 194,737: Total time for which application threads were stopped: 0,0004019 seconds, Stopping threads took: 0,0002786 seconds
2020-04-28T10:26:36.072-0300: 195,290: Total time for which application threads were stopped: 0,0084615 seconds, Stopping threads took: 0,0082464 seconds
2020-04-28T10:26:36.192-0300: 195,411: Total time for which application threads were stopped: 0,0016646 seconds, Stopping threads took: 0,0014211 seconds
2020-04-28T10:26:36.193-0300: 195,412: Total time for which application threads were stopped: 0,0002177 seconds, Stopping threads took: 0,0000505 seconds
2020-04-28T10:26:37.198-0300: 196,417: Total time for which application threads were stopped: 0,0048709 seconds, Stopping threads took: 0,0047282 seconds
2020-04-28T10:26:38.204-0300: 197,423: Total time for which application threads were stopped: 0,0058775 seconds, Stopping threads took: 0,0057485 seconds
2020-04-28T10:26:38.943-0300: 198,162: Total time for which application threads were stopped: 0,0001874 seconds, Stopping threads took: 0,0000640 seconds
2020-04-28T10:26:39.943-0300: 199,162: Total time for which application threads were stopped: 0,0001518 seconds, Stopping threads took: 0,0000409 seconds
2020-04-28T10:26:40.600-0300: 199,819: Total time for which application threads were stopped: 0,0002601 seconds, Stopping threads took: 0,0000535 seconds
2020-04-28T10:26:40.625-0300: 199,844: Total time for which application threads were stopped: 0,0001581 seconds, Stopping threads took: 0,0000400 seconds
2020-04-28T10:26:40.625-0300: 199,844: Total time for which application threads were stopped: 0,0001018 seconds, Stopping threads took: 0,0000241 seconds
{Heap before GC invocations=15 (full 0):
 garbage-first heap   total 524288K, used 407680K [0x00000000e0000000, 0x00000000e0101000, 0x0000000100000000)
  region size 1024K, 307 young (314368K), 19 survivors (19456K)
 Metaspace       used 46713K, capacity 48214K, committed 48336K, reserved 1091584K
  class space    used 5684K, capacity 6029K, committed 6144K, reserved 1048576K
2020-04-28T10:26:40.901-0300: 200,120: [GC pause (G1 Evacuation Pause) (young)
Desired survivor size 20447232 bytes, new threshold 15 (max 15)
- age   1:   13114816 bytes,   13114816 total
- age   2:    3757904 bytes,   16872720 total
, 0,0249084 secs]
   [Parallel Time: 21,8 ms, GC Workers: 2]
      [GC Worker Start (ms): Min: 200120,4, Avg: 200122,3, Max: 200124,1, Diff: 3,7]
      [Ext Root Scanning (ms): Min: 0,0, Avg: 1,4, Max: 2,9, Diff: 2,9, Sum: 2,9]
      [Update RS (ms): Min: 2,9, Avg: 6,4, Max: 9,8, Diff: 6,9, Sum: 12,8]
         [Processed Buffers: Min: 1, Avg: 8,5, Max: 16, Diff: 15, Sum: 17]
      [Scan RS (ms): Min: 0,0, Avg: 0,1, Max: 0,2, Diff: 0,2, Sum: 0,2]
      [Code Root Scanning (ms): Min: 0,0, Avg: 0,1, Max: 0,1, Diff: 0,1, Sum: 0,1]
      [Object Copy (ms): Min: 9,0, Avg: 11,8, Max: 14,6, Diff: 5,7, Sum: 23,6]
      [Termination (ms): Min: 0,0, Avg: 0,1, Max: 0,2, Diff: 0,2, Sum: 0,2]
         [Termination Attempts: Min: 1, Avg: 1,0, Max: 1, Diff: 0, Sum: 2]
      [GC Worker Other (ms): Min: 0,0, Avg: 0,0, Max: 0,0, Diff: 0,0, Sum: 0,0]
      [GC Worker Total (ms): Min: 18,0, Avg: 19,9, Max: 21,7, Diff: 3,7, Sum: 39,8]
      [GC Worker End (ms): Min: 200142,1, Avg: 200142,2, Max: 200142,2, Diff: 0,0]
   [Code Root Fixup: 0,0 ms]
   [Code Root Purge: 0,0 ms]
   [Clear CT: 0,4 ms]
   [Other: 2,7 ms]
      [Choose CSet: 0,0 ms]
      [Ref Proc: 2,0 ms]
      [Ref Enq: 0,1 ms]
      [Redirty Cards: 0,1 ms]
      [Humongous Register: 0,0 ms]
      [Humongous Reclaim: 0,1 ms]
      [Free CSet: 0,2 ms]
   [Eden: 288,0M(288,0M)->0,0B(296,0M) Survivors: 19,0M->11,0M Heap: 398,1M(512,0M)->94,1M(512,0M)]
Heap after GC invocations=16 (full 0):
 garbage-first heap   total 524288K, used 96384K [0x00000000e0000000, 0x00000000e0101000, 0x0000000100000000)
  region size 1024K, 11 young (11264K), 11 survivors (11264K)
 Metaspace       used 46713K, capacity 48214K, committed 48336K, reserved 1091584K
  class space    used 5684K, capacity 6029K, committed 6144K, reserved 1048576K
}
 [Times: user=0,04 sys=0,00, real=0,03 secs] 
2020-04-28T10:26:40.927-0300: 200,145: Total time for which application threads were stopped: 0,0253425 seconds, Stopping threads took: 0,0000388 seconds
2020-04-28T10:26:40.972-0300: 200,191: Total time for which application threads were stopped: 0,0001467 seconds, Stopping threads took: 0,0000386 seconds
2020-04-28T10:26:41.008-0300: 200,227: Total time for which application threads were stopped: 0,0001563 seconds, Stopping threads took: 0,0000391 seconds
2020-04-28T10:26:41.008-0300: 200,227: Total time for which application threads were stopped: 0,0000811 seconds, Stopping threads took: 0,0000176 seconds
2020-04-28T10:26:41.008-0300: 200,227: Total time for which application threads were stopped: 0,0000936 seconds, Stopping threads took: 0,0000193 seconds
2020-04-28T10:26:41.009-0300: 200,228: Total time for which application threads were stopped: 0,0001738 seconds, Stopping threads took: 0,0000306 seconds
2020-04-28T10:26:41.012-0300: 200,231: Total time for which application threads were stopped: 0,0001317 seconds, Stopping threads took: 0,0000326 seconds
2020-04-28T10:26:41.014-0300: 200,232: Total time for which application threads were stopped: 0,0001386 seconds, Stopping threads took: 0,0000418 seconds
2020-04-28T10:26:41.015-0300: 200,233: Total time for which application threads were stopped: 0,0001333 seconds, Stopping threads took: 0,0000353 seconds
2020-04-28T10:26:41.093-0300: 200,312: Total time for which application threads were stopped: 0,0001531 seconds, Stopping threads took: 0,0000393 seconds
2020-04-28T10:26:41.094-0300: 200,313: Total time for which application threads were stopped: 0,0001629 seconds, Stopping threads took: 0,0000763 seconds
2020-04-28T10:26:41.657-0300: 200,875: Total time for which application threads were stopped: 0,0005960 seconds, Stopping threads took: 0,0004727 seconds
2020-04-28T10:26:41.660-0300: 200,879: Total time for which application threads were stopped: 0,0006349 seconds, Stopping threads took: 0,0005180 seconds
2020-04-28T10:26:41.660-0300: 200,879: Total time for which application threads were stopped: 0,0001449 seconds, Stopping threads took: 0,0000479 seconds
2020-04-28T10:26:41.661-0300: 200,879: Total time for which application threads were stopped: 0,0001811 seconds, Stopping threads took: 0,0001147 seconds
2020-04-28T10:26:41.692-0300: 200,911: Total time for which application threads were stopped: 0,0020555 seconds, Stopping threads took: 0,0019101 seconds
2020-04-28T10:26:41.692-0300: 200,911: Total time for which application threads were stopped: 0,0001529 seconds, Stopping threads took: 0,0000851 seconds
2020-04-28T10:26:41.694-0300: 200,913: Total time for which application threads were stopped: 0,0004989 seconds, Stopping threads took: 0,0003679 seconds
2020-04-28T10:26:42.695-0300: 201,914: Total time for which application threads were stopped: 0,0001923 seconds, Stopping threads took: 0,0000498 seconds
2020-04-28T10:26:51.696-0300: 210,915: Total time for which application threads were stopped: 0,0001411 seconds, Stopping threads took: 0,0000419 seconds
2020-04-28T10:26:52.640-0300: 211,859: Total time for which application threads were stopped: 0,0002116 seconds, Stopping threads took: 0,0000606 seconds
2020-04-28T10:26:52.641-0300: 211,859: Total time for which application threads were stopped: 0,0001146 seconds, Stopping threads took: 0,0000359 seconds
2020-04-28T10:26:52.671-0300: 211,890: Total time for which application threads were stopped: 0,0002787 seconds, Stopping threads took: 0,0000796 seconds
2020-04-28T10:26:52.672-0300: 211,890: Total time for which application threads were stopped: 0,0002046 seconds, Stopping threads took: 0,0000530 seconds
2020-04-28T10:26:52.672-0300: 211,891: Total time for which application threads were stopped: 0,0002374 seconds, Stopping threads took: 0,0000895 seconds
2020-04-28T10:26:52.673-0300: 211,891: Total time for which application threads were stopped: 0,0002088 seconds, Stopping threads took: 0,0000909 seconds
2020-04-28T10:26:52.673-0300: 211,892: Total time for which application threads were stopped: 0,0004692 seconds, Stopping threads took: 0,0000488 seconds
2020-04-28T10:26:52.674-0300: 211,893: Total time for which application threads were stopped: 0,0001880 seconds, Stopping threads took: 0,0000485 seconds
2020-04-28T10:26:52.682-0300: 211,901: Total time for which application threads were stopped: 0,0056143 seconds, Stopping threads took: 0,0054472 seconds
2020-04-28T10:26:52.718-0300: 211,937: Total time for which application threads were stopped: 0,0055364 seconds, Stopping threads took: 0,0053379 seconds
2020-04-28T10:26:52.735-0300: 211,954: Total time for which application threads were stopped: 0,0084627 seconds, Stopping threads took: 0,0078928 seconds
2020-04-28T10:26:52.744-0300: 211,963: Total time for which application threads were stopped: 0,0014907 seconds, Stopping threads took: 0,0012062 seconds
2020-04-28T10:26:52.752-0300: 211,971: Total time for which application threads were stopped: 0,0040792 seconds, Stopping threads took: 0,0039467 seconds
2020-04-28T10:26:53.752-0300: 212,971: Total time for which application threads were stopped: 0,0001411 seconds, Stopping threads took: 0,0000413 seconds
2020-04-28T10:27:02.614-0300: 221,832: Total time for which application threads were stopped: 0,0001917 seconds, Stopping threads took: 0,0000493 seconds
2020-04-28T10:27:02.682-0300: 221,901: Total time for which application threads were stopped: 0,0001864 seconds, Stopping threads took: 0,0000807 seconds
2020-04-28T10:27:02.703-0300: 221,922: Total time for which application threads were stopped: 0,0001665 seconds, Stopping threads took: 0,0000468 seconds
2020-04-28T10:27:03.703-0300: 222,922: Total time for which application threads were stopped: 0,0001503 seconds, Stopping threads took: 0,0000428 seconds
2020-04-28T10:27:42.708-0300: 261,926: Total time for which application threads were stopped: 0,0002026 seconds, Stopping threads took: 0,0000750 seconds
2020-04-28T10:27:52.736-0300: 271,955: Total time for which application threads were stopped: 0,0002449 seconds, Stopping threads took: 0,0000670 seconds
2020-04-28T10:27:52.752-0300: 271,971: Total time for which application threads were stopped: 0,0001625 seconds, Stopping threads took: 0,0000413 seconds
2020-04-28T10:28:42.760-0300: 321,979: Total time for which application threads were stopped: 0,0002769 seconds, Stopping threads took: 0,0000821 seconds
2020-04-28T10:28:52.761-0300: 331,980: Total time for which application threads were stopped: 0,0001542 seconds, Stopping threads took: 0,0000394 seconds
2020-04-28T10:29:23.766-0300: 362,985: Total time for which application threads were stopped: 0,0001333 seconds, Stopping threads took: 0,0000384 seconds
2020-04-28T10:29:45.616-0300: 384,835: Total time for which application threads were stopped: 0,0009152 seconds, Stopping threads took: 0,0000508 seconds
2020-04-28T10:29:45.632-0300: 384,851: Total time for which application threads were stopped: 0,0001654 seconds, Stopping threads took: 0,0000423 seconds
2020-04-28T10:29:46.632-0300: 385,851: Total time for which application threads were stopped: 0,0001978 seconds, Stopping threads took: 0,0000656 seconds
2020-04-28T10:31:06.643-0300: 465,862: Total time for which application threads were stopped: 0,0001593 seconds, Stopping threads took: 0,0000396 seconds
2020-04-28T10:31:18.646-0300: 477,865: Total time for which application threads were stopped: 0,0001390 seconds, Stopping threads took: 0,0000395 seconds
2020-04-28T10:31:43.648-0300: 502,867: Total time for which application threads were stopped: 0,0002119 seconds, Stopping threads took: 0,0000575 seconds
2020-04-28T10:31:48.649-0300: 507,867: Total time for which application threads were stopped: 0,0001342 seconds, Stopping threads took: 0,0000421 seconds
2020-04-28T10:31:50.509-0300: 509,728: Total time for which application threads were stopped: 0,0001578 seconds, Stopping threads took: 0,0000409 seconds
2020-04-28T10:31:50.514-0300: 509,733: Total time for which application threads were stopped: 0,0001462 seconds, Stopping threads took: 0,0000396 seconds
2020-04-28T10:31:50.516-0300: 509,734: Total time for which application threads were stopped: 0,0001918 seconds, Stopping threads took: 0,0000364 seconds
2020-04-28T10:31:50.516-0300: 509,735: Total time for which application threads were stopped: 0,0001077 seconds, Stopping threads took: 0,0000279 seconds
2020-04-28T10:31:50.517-0300: 509,736: Total time for which application threads were stopped: 0,0001152 seconds, Stopping threads took: 0,0000286 seconds
2020-04-28T10:31:50.518-0300: 509,737: Total time for which application threads were stopped: 0,0001394 seconds, Stopping threads took: 0,0000370 seconds
2020-04-28T10:31:50.521-0300: 509,740: Total time for which application threads were stopped: 0,0001810 seconds, Stopping threads took: 0,0000435 seconds
2020-04-28T10:31:50.522-0300: 509,740: Total time for which application threads were stopped: 0,0001242 seconds, Stopping threads took: 0,0000311 seconds
2020-04-28T10:31:50.522-0300: 509,741: Total time for which application threads were stopped: 0,0000990 seconds, Stopping threads took: 0,0000237 seconds
2020-04-28T10:31:50.532-0300: 509,750: Total time for which application threads were stopped: 0,0001456 seconds, Stopping threads took: 0,0000378 seconds
2020-04-28T10:31:50.532-0300: 509,751: Total time for which application threads were stopped: 0,0000856 seconds, Stopping threads took: 0,0000207 seconds
2020-04-28T10:31:50.846-0300: 510,065: Total time for which application threads were stopped: 0,0001612 seconds, Stopping threads took: 0,0000364 seconds
2020-04-28T10:31:50.847-0300: 510,065: Total time for which application threads were stopped: 0,0002116 seconds, Stopping threads took: 0,0000229 seconds
2020-04-28T10:31:51.381-0300: 510,599: Total time for which application threads were stopped: 0,0001610 seconds, Stopping threads took: 0,0000440 seconds
2020-04-28T10:31:51.381-0300: 510,600: Total time for which application threads were stopped: 0,0000847 seconds, Stopping threads took: 0,0000197 seconds
2020-04-28T10:31:51.439-0300: 510,658: Total time for which application threads were stopped: 0,0002337 seconds, Stopping threads took: 0,0000901 seconds
2020-04-28T10:31:51.440-0300: 510,658: Total time for which application threads were stopped: 0,0001254 seconds, Stopping threads took: 0,0000317 seconds
2020-04-28T10:31:51.451-0300: 510,670: Total time for which application threads were stopped: 0,0001332 seconds, Stopping threads took: 0,0000357 seconds
2020-04-28T10:31:51.452-0300: 510,670: Total time for which application threads were stopped: 0,0000907 seconds, Stopping threads took: 0,0000229 seconds
2020-04-28T10:31:52.452-0300: 511,671: Total time for which application threads were stopped: 0,0002558 seconds, Stopping threads took: 0,0000722 seconds
2020-04-28T10:31:55.020-0300: 514,239: Total time for which application threads were stopped: 0,0002945 seconds, Stopping threads took: 0,0001180 seconds
2020-04-28T10:31:55.020-0300: 514,239: Total time for which application threads were stopped: 0,0001529 seconds, Stopping threads took: 0,0000612 seconds
2020-04-28T10:31:55.042-0300: 514,261: Total time for which application threads were stopped: 0,0002926 seconds, Stopping threads took: 0,0000859 seconds
2020-04-28T10:31:55.042-0300: 514,261: Total time for which application threads were stopped: 0,0002088 seconds, Stopping threads took: 0,0000410 seconds
2020-04-28T10:31:55.048-0300: 514,267: Total time for which application threads were stopped: 0,0002144 seconds, Stopping threads took: 0,0000475 seconds
2020-04-28T10:31:55.070-0300: 514,289: Total time for which application threads were stopped: 0,0001617 seconds, Stopping threads took: 0,0000402 seconds
2020-04-28T10:31:55.071-0300: 514,290: Total time for which application threads were stopped: 0,0001378 seconds, Stopping threads took: 0,0000373 seconds
2020-04-28T10:31:55.095-0300: 514,314: Total time for which application threads were stopped: 0,0003061 seconds, Stopping threads took: 0,0000410 seconds
2020-04-28T10:31:55.095-0300: 514,314: Total time for which application threads were stopped: 0,0002095 seconds, Stopping threads took: 0,0000287 seconds
2020-04-28T10:31:55.096-0300: 514,315: Total time for which application threads were stopped: 0,0002356 seconds, Stopping threads took: 0,0000278 seconds
2020-04-28T10:32:00.141-0300: 519,360: Total time for which application threads were stopped: 0,0002134 seconds, Stopping threads took: 0,0000657 seconds
2020-04-28T10:32:00.141-0300: 519,360: Total time for which application threads were stopped: 0,0001145 seconds, Stopping threads took: 0,0000209 seconds
2020-04-28T10:32:00.141-0300: 519,360: Total time for which application threads were stopped: 0,0001206 seconds, Stopping threads took: 0,0000223 seconds
2020-04-28T10:32:00.143-0300: 519,361: Total time for which application threads were stopped: 0,0001629 seconds, Stopping threads took: 0,0000597 seconds
2020-04-28T10:32:00.143-0300: 519,362: Total time for which application threads were stopped: 0,0002145 seconds, Stopping threads took: 0,0001404 seconds
2020-04-28T10:32:00.203-0300: 519,422: Total time for which application threads were stopped: 0,0001452 seconds, Stopping threads took: 0,0000371 seconds
2020-04-28T10:32:00.203-0300: 519,422: Total time for which application threads were stopped: 0,0000784 seconds, Stopping threads took: 0,0000194 seconds
2020-04-28T10:32:21.830-0300: 541,049: Total time for which application threads were stopped: 0,0001444 seconds, Stopping threads took: 0,0000411 seconds
2020-04-28T10:32:21.831-0300: 541,050: Total time for which application threads were stopped: 0,0001304 seconds, Stopping threads took: 0,0000354 seconds
2020-04-28T10:32:21.913-0300: 541,132: Total time for which application threads were stopped: 0,0001916 seconds, Stopping threads took: 0,0000621 seconds
2020-04-28T10:32:21.918-0300: 541,136: Total time for which application threads were stopped: 0,0002011 seconds, Stopping threads took: 0,0000828 seconds
2020-04-28T10:32:22.918-0300: 542,137: Total time for which application threads were stopped: 0,0001629 seconds, Stopping threads took: 0,0000477 seconds
2020-04-28T10:32:42.920-0300: 562,139: Total time for which application threads were stopped: 0,0001707 seconds, Stopping threads took: 0,0000503 seconds
2020-04-28T10:32:55.043-0300: 574,261: Total time for which application threads were stopped: 0,0001523 seconds, Stopping threads took: 0,0000437 seconds
2020-04-28T10:33:00.203-0300: 579,422: Total time for which application threads were stopped: 0,0001903 seconds, Stopping threads took: 0,0000535 seconds
2020-04-28T10:33:26.207-0300: 605,425: Total time for which application threads were stopped: 0,0001363 seconds, Stopping threads took: 0,0000342 seconds
2020-04-28T10:33:43.208-0300: 622,427: Total time for which application threads were stopped: 0,0002200 seconds, Stopping threads took: 0,0000669 seconds
2020-04-28T10:34:04.211-0300: 643,429: Total time for which application threads were stopped: 0,0003149 seconds, Stopping threads took: 0,0001350 seconds
2020-04-28T10:34:31.213-0300: 670,432: Total time for which application threads were stopped: 0,0001797 seconds, Stopping threads took: 0,0000483 seconds
2020-04-28T10:34:40.215-0300: 679,434: Total time for which application threads were stopped: 0,0002171 seconds, Stopping threads took: 0,0000638 seconds
2020-04-28T10:34:43.215-0300: 682,434: Total time for which application threads were stopped: 0,0001763 seconds, Stopping threads took: 0,0000527 seconds
2020-04-28T10:35:17.229-0300: 716,447: Total time for which application threads were stopped: 0,0001459 seconds, Stopping threads took: 0,0000437 seconds
2020-04-28T10:35:36.230-0300: 735,449: Total time for which application threads were stopped: 0,0002495 seconds, Stopping threads took: 0,0000667 seconds
2020-04-28T10:35:43.231-0300: 742,450: Total time for which application threads were stopped: 0,0001338 seconds, Stopping threads took: 0,0000377 seconds
2020-04-28T10:36:08.233-0300: 767,452: Total time for which application threads were stopped: 0,0001392 seconds, Stopping threads took: 0,0000403 seconds
2020-04-28T10:37:43.252-0300: 862,471: Total time for which 